
Discarded input sections

 .group         0x00000000        0xc ../build/obj/startup.o
 .group         0x00000000        0xc ../build/obj/startup.o
 .group         0x00000000        0xc ../build/obj/startup.o
 .group         0x00000000        0xc ../build/obj/startup.o
 .group         0x00000000        0xc ../build/obj/startup.o
 .group         0x00000000        0xc ../build/obj/startup.o
 .group         0x00000000        0xc ../build/obj/startup.o
 .group         0x00000000        0xc ../build/obj/startup.o
 .group         0x00000000        0xc ../build/obj/startup.o
 .group         0x00000000        0xc ../build/obj/main.o
 .group         0x00000000        0xc ../build/obj/main.o
 .group         0x00000000        0xc ../build/obj/main.o
 .group         0x00000000        0xc ../build/obj/main.o
 .group         0x00000000        0xc ../build/obj/main.o
 .group         0x00000000        0xc ../build/obj/main.o
 .group         0x00000000        0xc ../build/obj/main.o
 .group         0x00000000        0xc ../build/obj/main.o
 .group         0x00000000        0xc ../build/obj/main.o
 .debug_macro   0x00000000      0xa5a ../build/obj/main.o
 .debug_macro   0x00000000       0x19 ../build/obj/main.o
 .debug_macro   0x00000000       0x22 ../build/obj/main.o
 .debug_macro   0x00000000       0x8e ../build/obj/main.o
 .debug_macro   0x00000000       0x51 ../build/obj/main.o
 .debug_macro   0x00000000      0x103 ../build/obj/main.o
 .debug_macro   0x00000000       0x6a ../build/obj/main.o
 .debug_macro   0x00000000      0x1df ../build/obj/main.o
 .debug_macro   0x00000000     0xdf8d ../build/obj/main.o
 .group         0x00000000        0xc ../build/obj/port.o
 .group         0x00000000        0xc ../build/obj/port.o
 .group         0x00000000        0xc ../build/obj/port.o
 .group         0x00000000        0xc ../build/obj/port.o
 .group         0x00000000        0xc ../build/obj/port.o
 .group         0x00000000        0xc ../build/obj/port.o
 .group         0x00000000        0xc ../build/obj/port.o
 .group         0x00000000        0xc ../build/obj/port.o
 .group         0x00000000        0xc ../build/obj/port.o
 .debug_macro   0x00000000      0xa5a ../build/obj/port.o
 .debug_macro   0x00000000       0x19 ../build/obj/port.o
 .debug_macro   0x00000000       0x22 ../build/obj/port.o
 .debug_macro   0x00000000       0x8e ../build/obj/port.o
 .debug_macro   0x00000000       0x51 ../build/obj/port.o
 .debug_macro   0x00000000      0x103 ../build/obj/port.o
 .debug_macro   0x00000000       0x6a ../build/obj/port.o
 .debug_macro   0x00000000      0x1df ../build/obj/port.o
 .debug_macro   0x00000000     0xdf8d ../build/obj/port.o
 .group         0x00000000        0xc ../build/obj/flash.o
 .group         0x00000000        0xc ../build/obj/flash.o
 .group         0x00000000        0xc ../build/obj/flash.o
 .group         0x00000000        0xc ../build/obj/flash.o
 .group         0x00000000        0xc ../build/obj/flash.o
 .group         0x00000000        0xc ../build/obj/flash.o
 .group         0x00000000        0xc ../build/obj/flash.o
 .group         0x00000000        0xc ../build/obj/flash.o
 .group         0x00000000        0xc ../build/obj/flash.o
 .debug_macro   0x00000000      0xa5a ../build/obj/flash.o
 .debug_macro   0x00000000       0x19 ../build/obj/flash.o
 .debug_macro   0x00000000       0x22 ../build/obj/flash.o
 .debug_macro   0x00000000       0x8e ../build/obj/flash.o
 .debug_macro   0x00000000       0x51 ../build/obj/flash.o
 .debug_macro   0x00000000      0x103 ../build/obj/flash.o
 .debug_macro   0x00000000       0x6a ../build/obj/flash.o
 .debug_macro   0x00000000      0x1df ../build/obj/flash.o
 .debug_macro   0x00000000     0xdf8d ../build/obj/flash.o
 .group         0x00000000        0xc ../build/obj/gpio.o
 .group         0x00000000        0xc ../build/obj/gpio.o
 .group         0x00000000        0xc ../build/obj/gpio.o
 .group         0x00000000        0xc ../build/obj/gpio.o
 .group         0x00000000        0xc ../build/obj/gpio.o
 .group         0x00000000        0xc ../build/obj/gpio.o
 .group         0x00000000        0xc ../build/obj/gpio.o
 .group         0x00000000        0xc ../build/obj/gpio.o
 .group         0x00000000        0xc ../build/obj/gpio.o
 .debug_macro   0x00000000      0xa5a ../build/obj/gpio.o
 .debug_macro   0x00000000       0x19 ../build/obj/gpio.o
 .debug_macro   0x00000000       0x22 ../build/obj/gpio.o
 .debug_macro   0x00000000       0x8e ../build/obj/gpio.o
 .debug_macro   0x00000000       0x51 ../build/obj/gpio.o
 .debug_macro   0x00000000      0x103 ../build/obj/gpio.o
 .debug_macro   0x00000000       0x6a ../build/obj/gpio.o
 .debug_macro   0x00000000      0x1df ../build/obj/gpio.o
 .debug_macro   0x00000000     0xdf8d ../build/obj/gpio.o
 .group         0x00000000        0xc ../build/obj/wdog.o
 .group         0x00000000        0xc ../build/obj/wdog.o
 .group         0x00000000        0xc ../build/obj/wdog.o
 .group         0x00000000        0xc ../build/obj/wdog.o
 .group         0x00000000        0xc ../build/obj/wdog.o
 .group         0x00000000        0xc ../build/obj/wdog.o
 .group         0x00000000        0xc ../build/obj/wdog.o
 .group         0x00000000        0xc ../build/obj/wdog.o
 .group         0x00000000        0xc ../build/obj/wdog.o
 .debug_macro   0x00000000      0xa5a ../build/obj/wdog.o
 .debug_macro   0x00000000       0x19 ../build/obj/wdog.o
 .debug_macro   0x00000000       0x22 ../build/obj/wdog.o
 .debug_macro   0x00000000       0x8e ../build/obj/wdog.o
 .debug_macro   0x00000000       0x51 ../build/obj/wdog.o
 .debug_macro   0x00000000      0x103 ../build/obj/wdog.o
 .debug_macro   0x00000000       0x6a ../build/obj/wdog.o
 .debug_macro   0x00000000      0x1df ../build/obj/wdog.o
 .debug_macro   0x00000000     0xdf8d ../build/obj/wdog.o
 .group         0x00000000        0xc ../build/obj/interrupt.o
 .group         0x00000000        0xc ../build/obj/interrupt.o
 .group         0x00000000        0xc ../build/obj/interrupt.o
 .group         0x00000000        0xc ../build/obj/interrupt.o
 .group         0x00000000        0xc ../build/obj/interrupt.o
 .group         0x00000000        0xc ../build/obj/interrupt.o
 .group         0x00000000        0xc ../build/obj/interrupt.o
 .group         0x00000000        0xc ../build/obj/interrupt.o
 .group         0x00000000        0xc ../build/obj/interrupt.o
 .debug_macro   0x00000000      0xa5a ../build/obj/interrupt.o
 .debug_macro   0x00000000       0x19 ../build/obj/interrupt.o
 .debug_macro   0x00000000       0x22 ../build/obj/interrupt.o
 .debug_macro   0x00000000       0x8e ../build/obj/interrupt.o
 .debug_macro   0x00000000       0x51 ../build/obj/interrupt.o
 .debug_macro   0x00000000      0x103 ../build/obj/interrupt.o
 .debug_macro   0x00000000       0x6a ../build/obj/interrupt.o
 .debug_macro   0x00000000      0x1df ../build/obj/interrupt.o
 .debug_macro   0x00000000     0xdf8d ../build/obj/interrupt.o
 .group         0x00000000        0xc ../build/obj/clock.o
 .group         0x00000000        0xc ../build/obj/clock.o
 .group         0x00000000        0xc ../build/obj/clock.o
 .group         0x00000000        0xc ../build/obj/clock.o
 .group         0x00000000        0xc ../build/obj/clock.o
 .group         0x00000000        0xc ../build/obj/clock.o
 .group         0x00000000        0xc ../build/obj/clock.o
 .group         0x00000000        0xc ../build/obj/clock.o
 .group         0x00000000        0xc ../build/obj/clock.o
 .debug_macro   0x00000000      0xa5a ../build/obj/clock.o
 .debug_macro   0x00000000       0x19 ../build/obj/clock.o
 .debug_macro   0x00000000       0x22 ../build/obj/clock.o
 .debug_macro   0x00000000       0x8e ../build/obj/clock.o
 .debug_macro   0x00000000       0x51 ../build/obj/clock.o
 .debug_macro   0x00000000      0x103 ../build/obj/clock.o
 .debug_macro   0x00000000       0x6a ../build/obj/clock.o
 .debug_macro   0x00000000      0x1df ../build/obj/clock.o
 .debug_macro   0x00000000     0xdf8d ../build/obj/clock.o

Memory Configuration

Name             Origin             Length             Attributes
VECTAB           0x00008400         0x00000400         xr
FLASH            0x00008800         0x000777ff         xr
SRAM1            0x1fff8000         0x00008000         xrw
SRAM2            0x20000000         0x00007000         xrw
*default*        0x00000000         0xffffffff

Linker script and memory map

LOAD ../build/obj/startup.o
LOAD ../build/obj/main.o
LOAD ../build/obj/port.o
LOAD ../build/obj/flash.o
LOAD ../build/obj/gpio.o
LOAD ../build/obj/wdog.o
LOAD ../build/obj/interrupt.o
LOAD ../build/obj/clock.o

.intvec         0x00008400      0x400
                0x00008400                _intvec_start_ = .
 *(.intvec)
 .intvec        0x00008400      0x400 ../build/obj/interrupt.o
                0x00008400                vectorTable
                0x00008800                . = ALIGN (0x4)
                0x00008800                _intvec_end_ = .

.text           0x00008800      0x3ec
                0x00008800                _stext = .
 *(.text)
 .text          0x00008800       0x2c ../build/obj/startup.o
                0x00008800                Reset_Handler
                0x00008814                initData
                0x00008820                initbss
 .text          0x0000882c       0x48 ../build/obj/main.o
                0x0000882c                delay
                0x00008858                main
 .text          0x00008874       0x22 ../build/obj/port.o
                0x00008874                PortPCR
 *fill*         0x00008896        0x2 
 .text          0x00008898      0x1e0 ../build/obj/flash.o
                0x00008898                CommandSequence
                0x000088d4                Read1sBlock
                0x000088f0                Read1sSection
                0x0000890c                ProgramCheck
                0x00008928                ProgramPhrase
                0x00008944                EraseFlashBlock
                0x00008960                EraseFlashSector
                0x0000897c                ProgramSection
                0x00008998                Read1sAllBlocks
                0x000089b4                ReadOnce
                0x000089d0                ProgramOnce
                0x000089ec                EraseAllBlocks
                0x00008a08                VerifyBackdoorAccessKey
                0x00008a24                EraseAllBlocksUnsecure
                0x00008a40                ProgramPartition
                0x00008a5c                SetFlexRAM
 .text          0x00008a78       0xc0 ../build/obj/gpio.o
                0x00008a78                ToggleGPIO
                0x00008aa0                SetGPIO
                0x00008ac8                ClearGPIO
                0x00008af0                DataDirectionGPIO
                0x00008b18                DataOutGPIO
 .text          0x00008b38       0x54 ../build/obj/wdog.o
                0x00008b38                DisableWDOG
                0x00008b64                RefreshWDOG
                0x00008b80                CongiWDOG
 .text          0x00008b8c       0x3c ../build/obj/interrupt.o
                0x00008b8c                Reserved54_IRQHandler
                0x00008b8c                DMA1_IRQHandler
                0x00008b8c                Reserved88_IRQHandler
                0x00008b8c                CAN0_ORed_IRQHandler
                0x00008b8c                FLEXIO_IRQHandler
                0x00008b8c                Reserved86_IRQHandler
                0x00008b8c                Reserved103_IRQHandler
                0x00008b8c                FTM1_Ch0_Ch1_IRQHandler
                0x00008b8c                FTM2_Ovf_Reload_IRQHandler
                0x00008b8c                Reserved50_IRQHandler
                0x00008b8c                FTFC_Fault_IRQHandler
                0x00008b8c                FTM0_Ch6_Ch7_IRQHandler
                0x00008b8c                DMA6_IRQHandler
                0x00008b8c                Reserved114_IRQHandler
                0x00008b8c                PORTC_IRQHandler
                0x00008b8c                Reserved89_IRQHandler
                0x00008b8c                ERM_double_fault_IRQHandler
                0x00008b8c                DMA2_IRQHandler
                0x00008b8c                Reserved59_IRQHandler
                0x00008b8c                LPIT0_Ch0_IRQHandler
                0x00008b8c                Reserved99_IRQHandler
                0x00008b8c                FTM3_Ch6_Ch7_IRQHandler
                0x00008b8c                CAN2_ORed_0_15_MB_IRQHandler
                0x00008b8c                LPIT0_Ch3_IRQHandler
                0x00008b8c                Reserved92_IRQHandler
                0x00008b8c                FTM0_Ch4_Ch5_IRQHandler
                0x00008b8c                CAN1_Error_IRQHandler
                0x00008b8c                FTM3_Ch0_Ch1_IRQHandler
                0x00008b8c                SWI_IRQHandler
                0x00008b8c                ADC0_IRQHandler
                0x00008b8c                FTM2_Ch4_Ch5_IRQHandler
                0x00008b8c                Reserved52_IRQHandler
                0x00008b8c                FTM0_Ovf_Reload_IRQHandler
                0x00008b8c                DefaultISR
                0x00008b8c                DMA9_IRQHandler
                0x00008b8c                Reserved58_IRQHandler
                0x00008b8c                CAN1_ORed_0_15_MB_IRQHandler
                0x00008b8c                FTM1_Ch2_Ch3_IRQHandler
                0x00008b8c                DMA14_IRQHandler
                0x00008b8c                Reserved82_IRQHandler
                0x00008b8c                CAN0_ORed_16_31_MB_IRQHandler
                0x00008b8c                LPI2C0_Slave_IRQHandler
                0x00008b8c                Reserved71_IRQHandler
                0x00008b8c                PORTD_IRQHandler
                0x00008b8c                Reserved69_IRQHandler
                0x00008b8c                PORTB_IRQHandler
                0x00008b8c                Reserved70_IRQHandler
                0x00008b8c                ADC1_IRQHandler
                0x00008b8c                FTM2_Ch2_Ch3_IRQHandler
                0x00008b8c                DefaultHandler
                0x00008b8c                Reserved53_IRQHandler
                0x00008b8c                DMA5_IRQHandler
                0x00008b8c                RTC_IRQHandler
                0x00008b8c                PDB0_IRQHandler
                0x00008b8c                FTM2_Ch6_Ch7_IRQHandler
                0x00008b8c                FTM3_Ch2_Ch3_IRQHandler
                0x00008b8c                FTM2_Ch0_Ch1_IRQHandler
                0x00008b8c                LPSPI1_IRQHandler
                0x00008b8c                LPUART1_RxTx_IRQHandler
                0x00008b8c                RTC_Seconds_IRQHandler
                0x00008b8c                CAN2_ORed_IRQHandler
                0x00008b8c                Reserved72_IRQHandler
                0x00008b8c                Reserved110_IRQHandler
                0x00008b8c                DMA11_IRQHandler
                0x00008b8c                Reserved107_IRQHandler
                0x00008b8c                Read_Collision_IRQHandler
                0x00008b8c                CAN2_Error_IRQHandler
                0x00008b8c                FTFC_IRQHandler
                0x00008b8c                DMA7_IRQHandler
                0x00008b8c                FTM1_Ch6_Ch7_IRQHandler
                0x00008b8c                Reserved105_IRQHandler
                0x00008b8c                LPIT0_Ch1_IRQHandler
                0x00008b8c                FTM1_Ch4_Ch5_IRQHandler
                0x00008b8c                FTM3_Ovf_Reload_IRQHandler
                0x00008b8c                LPUART2_RxTx_IRQHandler
                0x00008b8c                LPSPI0_IRQHandler
                0x00008b8c                WDOG_EWM_IRQHandler
                0x00008b8c                CMP0_IRQHandler
                0x00008b8c                Reserved90_IRQHandler
                0x00008b8c                Reserved83_IRQHandler
                0x00008b8c                FTM0_Fault_IRQHandler
                0x00008b8c                Reserved48_IRQHandler
                0x00008b8c                CAN0_Wake_Up_IRQHandler
                0x00008b8c                ERM_single_fault_IRQHandler
                0x00008b8c                FTM2_Fault_IRQHandler
                0x00008b8c                FTM0_Ch2_Ch3_IRQHandler
                0x00008b8c                DMA13_IRQHandler
                0x00008b8c                FTM0_Ch0_Ch1_IRQHandler
                0x00008b8c                FTM3_Fault_IRQHandler
                0x00008b8c                RCM_IRQHandler
                0x00008b8c                DMA3_IRQHandler
                0x00008b8c                Reserved100_IRQHandler
                0x00008b8c                DMA0_IRQHandler
                0x00008b8c                Reserved91_IRQHandler
                0x00008b8c                CAN1_ORed_IRQHandler
                0x00008b8c                DMA15_IRQHandler
                0x00008b8c                SCG_IRQHandler
                0x00008b8c                PDB1_IRQHandler
                0x00008b8c                Reserved81_IRQHandler
                0x00008b8c                Reserved46_IRQHandler
                0x00008b8c                Reserved45_IRQHandler
                0x00008b8c                CAN0_Error_IRQHandler
                0x00008b8c                Reserved112_IRQHandler
                0x00008b8c                LPI2C0_Master_IRQHandler
                0x00008b8c                DMA4_IRQHandler
                0x00008b8c                FTM1_Fault_IRQHandler
                0x00008b8c                Reserved106_IRQHandler
                0x00008b8c                DMA_Error_IRQHandler
                0x00008b8c                LVD_LVW_IRQHandler
                0x00008b8c                LPIT0_Ch2_IRQHandler
                0x00008b8c                PORTA_IRQHandler
                0x00008b8c                MCM_IRQHandler
                0x00008b8c                LPSPI2_IRQHandler
                0x00008b8c                DMA12_IRQHandler
                0x00008b8c                FTM3_Ch4_Ch5_IRQHandler
                0x00008b8c                CAN0_ORed_0_15_MB_IRQHandler
                0x00008b8c                LPUART0_RxTx_IRQHandler
                0x00008b8c                PORTE_IRQHandler
                0x00008b8c                LPTMR0_IRQHandler
                0x00008b8c                DMA10_IRQHandler
                0x00008b8c                Reserved87_IRQHandler
                0x00008b8c                FTM1_Ovf_Reload_IRQHandler
                0x00008b8c                DMA8_IRQHandler
                0x00008b8c                Reserved93_IRQHandler
                0x00008b8c                Reserved113_IRQHandler
                0x00008b92                NMI_Handler
                0x00008b98                HardFault_Handler
                0x00008b9e                MemManage_Handler
                0x00008ba4                BusFault_Handler
                0x00008baa                UsageFault_Handler
                0x00008bb0                SVC_Handler
                0x00008bb6                DebugMon_Handler
                0x00008bbc                PendSV_Handler
                0x00008bc2                SysTick_Handler
 .text          0x00008bc8       0x24 ../build/obj/clock.o
                0x00008bc8                initClk
 *(.text*)
 *(.rodata)
 *(.rodata*)
 *(.glue_7)
 .glue_7        0x00008bec        0x0 linker stubs
 *(.glue_7t)
 .glue_7t       0x00008bec        0x0 linker stubs
 *(.eh_frame)
 *(.init)
 *(.fini)
                0x00008bec                . = ALIGN (0x4)
                0x00008bec                _etext = .

.vfp11_veneer   0x00008bec        0x0
 .vfp11_veneer  0x00008bec        0x0 linker stubs

.v4_bx          0x00008bec        0x0
 .v4_bx         0x00008bec        0x0 linker stubs

.iplt           0x00008bec        0x0
 .iplt          0x00008bec        0x0 ../build/obj/startup.o

.rel.dyn        0x00008bec        0x0
 .rel.iplt      0x00008bec        0x0 ../build/obj/startup.o

.data           0x1fff8000        0x0 load address 0x00008bec
                0x1fff8000                _sdata_ram = .
 *(.data)
 .data          0x1fff8000        0x0 ../build/obj/startup.o
 .data          0x1fff8000        0x0 ../build/obj/main.o
 .data          0x1fff8000        0x0 ../build/obj/port.o
 .data          0x1fff8000        0x0 ../build/obj/flash.o
 .data          0x1fff8000        0x0 ../build/obj/gpio.o
 .data          0x1fff8000        0x0 ../build/obj/wdog.o
 .data          0x1fff8000        0x0 ../build/obj/interrupt.o
 .data          0x1fff8000        0x0 ../build/obj/clock.o
                0x1fff8000                . = ALIGN (0x4)
                0x1fff8000                _edata_ram = .

.flashConfig    0x1fff8000       0x10 load address 0x00008bec
 .flashConfig   0x1fff8000       0x10 ../build/obj/startup.o
                0x1fff8000                flashConfig

.igot.plt       0x1fff8010        0x0 load address 0x00008bfc
 .igot.plt      0x1fff8010        0x0 ../build/obj/startup.o

.bss            0x1fff8010        0x8 load address 0x00008bfc
                0x1fff8010                _bss_start_ = .
 *(.bss)
 .bss           0x1fff8010        0x0 ../build/obj/startup.o
 .bss           0x1fff8010        0x8 ../build/obj/main.o
                0x1fff8010                dlyCnt
                0x1fff8014                counter
 .bss           0x1fff8018        0x0 ../build/obj/port.o
 .bss           0x1fff8018        0x0 ../build/obj/flash.o
 .bss           0x1fff8018        0x0 ../build/obj/gpio.o
 .bss           0x1fff8018        0x0 ../build/obj/wdog.o
 .bss           0x1fff8018        0x0 ../build/obj/interrupt.o
 .bss           0x1fff8018        0x0 ../build/obj/clock.o
 *(.bss*)
 *(.common)
 *(.common*)
                0x1fff8018                . = ALIGN (0x4)
                0x1fff8018                _bss_end_ = .
OUTPUT(../build/bin/S32_App.elf elf32-littlearm)
LOAD linker stubs

.debug_info     0x00000000      0xeca
 .debug_info    0x00000000       0xe0 ../build/obj/startup.o
 .debug_info    0x000000e0      0x235 ../build/obj/main.o
 .debug_info    0x00000315      0x28b ../build/obj/port.o
 .debug_info    0x000005a0      0x2e8 ../build/obj/flash.o
 .debug_info    0x00000888      0x2f7 ../build/obj/gpio.o
 .debug_info    0x00000b7f      0x112 ../build/obj/wdog.o
 .debug_info    0x00000c91      0x15e ../build/obj/interrupt.o
 .debug_info    0x00000def       0xdb ../build/obj/clock.o

.debug_abbrev   0x00000000      0x5e2
 .debug_abbrev  0x00000000       0x91 ../build/obj/startup.o
 .debug_abbrev  0x00000091       0xef ../build/obj/main.o
 .debug_abbrev  0x00000180       0xff ../build/obj/port.o
 .debug_abbrev  0x0000027f       0xbb ../build/obj/flash.o
 .debug_abbrev  0x0000033a       0xf6 ../build/obj/gpio.o
 .debug_abbrev  0x00000430       0x9b ../build/obj/wdog.o
 .debug_abbrev  0x000004cb       0x7b ../build/obj/interrupt.o
 .debug_abbrev  0x00000546       0x9c ../build/obj/clock.o

.debug_aranges  0x00000000      0x100
 .debug_aranges
                0x00000000       0x20 ../build/obj/startup.o
 .debug_aranges
                0x00000020       0x20 ../build/obj/main.o
 .debug_aranges
                0x00000040       0x20 ../build/obj/port.o
 .debug_aranges
                0x00000060       0x20 ../build/obj/flash.o
 .debug_aranges
                0x00000080       0x20 ../build/obj/gpio.o
 .debug_aranges
                0x000000a0       0x20 ../build/obj/wdog.o
 .debug_aranges
                0x000000c0       0x20 ../build/obj/interrupt.o
 .debug_aranges
                0x000000e0       0x20 ../build/obj/clock.o

.debug_macro    0x00000000     0xf24f
 .debug_macro   0x00000000       0x7e ../build/obj/startup.o
 .debug_macro   0x0000007e      0xa5a ../build/obj/startup.o
 .debug_macro   0x00000ad8       0x19 ../build/obj/startup.o
 .debug_macro   0x00000af1       0x22 ../build/obj/startup.o
 .debug_macro   0x00000b13       0x8e ../build/obj/startup.o
 .debug_macro   0x00000ba1       0x51 ../build/obj/startup.o
 .debug_macro   0x00000bf2      0x103 ../build/obj/startup.o
 .debug_macro   0x00000cf5       0x6a ../build/obj/startup.o
 .debug_macro   0x00000d5f      0x1df ../build/obj/startup.o
 .debug_macro   0x00000f3e     0xdf8d ../build/obj/startup.o
 .debug_macro   0x0000eecb       0xa0 ../build/obj/main.o
 .debug_macro   0x0000ef6b       0x84 ../build/obj/port.o
 .debug_macro   0x0000efef       0x7c ../build/obj/flash.o
 .debug_macro   0x0000f06b       0x76 ../build/obj/gpio.o
 .debug_macro   0x0000f0e1       0x7c ../build/obj/wdog.o
 .debug_macro   0x0000f15d       0x76 ../build/obj/interrupt.o
 .debug_macro   0x0000f1d3       0x7c ../build/obj/clock.o

.debug_line     0x00000000     0x10c5
 .debug_line    0x00000000      0x1fb ../build/obj/startup.o
 .debug_line    0x000001fb      0x212 ../build/obj/main.o
 .debug_line    0x0000040d      0x1d7 ../build/obj/port.o
 .debug_line    0x000005e4      0x2ec ../build/obj/flash.o
 .debug_line    0x000008d0      0x206 ../build/obj/gpio.o
 .debug_line    0x00000ad6      0x1eb ../build/obj/wdog.o
 .debug_line    0x00000cc1      0x22d ../build/obj/interrupt.o
 .debug_line    0x00000eee      0x1d7 ../build/obj/clock.o

.debug_str      0x00000000    0x5db11
 .debug_str     0x00000000    0x5d67e ../build/obj/startup.o
                              0x5d7e2 (size before relaxing)
 .debug_str     0x0005d67e      0x12a ../build/obj/main.o
                              0x5d8cc (size before relaxing)
 .debug_str     0x0005d7a8       0x76 ../build/obj/port.o
                              0x5d8de (size before relaxing)
 .debug_str     0x0005d81e      0x16e ../build/obj/flash.o
                              0x5d924 (size before relaxing)
 .debug_str     0x0005d98c       0x56 ../build/obj/gpio.o
                              0x5d8e9 (size before relaxing)
 .debug_str     0x0005d9e2       0x44 ../build/obj/wdog.o
                              0x5d7ee (size before relaxing)
 .debug_str     0x0005da26       0xc2 ../build/obj/interrupt.o
                              0x5d864 (size before relaxing)
 .debug_str     0x0005dae8       0x29 ../build/obj/clock.o
                              0x5d7d6 (size before relaxing)

.comment        0x00000000       0x49
 .comment       0x00000000       0x49 ../build/obj/startup.o
                                 0x4a (size before relaxing)
 .comment       0x00000049       0x4a ../build/obj/main.o
 .comment       0x00000049       0x4a ../build/obj/port.o
 .comment       0x00000049       0x4a ../build/obj/flash.o
 .comment       0x00000049       0x4a ../build/obj/gpio.o
 .comment       0x00000049       0x4a ../build/obj/wdog.o
 .comment       0x00000049       0x4a ../build/obj/interrupt.o
 .comment       0x00000049       0x4a ../build/obj/clock.o

.ARM.attributes
                0x00000000       0x2e
 .ARM.attributes
                0x00000000       0x2e ../build/obj/startup.o
 .ARM.attributes
                0x0000002e       0x2e ../build/obj/main.o
 .ARM.attributes
                0x0000005c       0x2e ../build/obj/port.o
 .ARM.attributes
                0x0000008a       0x2e ../build/obj/flash.o
 .ARM.attributes
                0x000000b8       0x2e ../build/obj/gpio.o
 .ARM.attributes
                0x000000e6       0x2e ../build/obj/wdog.o
 .ARM.attributes
                0x00000114       0x2e ../build/obj/interrupt.o
 .ARM.attributes
                0x00000142       0x2e ../build/obj/clock.o

.debug_frame    0x00000000      0x57c
 .debug_frame   0x00000000       0x6c ../build/obj/startup.o
 .debug_frame   0x0000006c       0x54 ../build/obj/main.o
 .debug_frame   0x000000c0       0x38 ../build/obj/port.o
 .debug_frame   0x000000f8      0x20c ../build/obj/flash.o
 .debug_frame   0x00000304       0xd8 ../build/obj/gpio.o
 .debug_frame   0x000003dc       0x70 ../build/obj/wdog.o
 .debug_frame   0x0000044c      0x100 ../build/obj/interrupt.o
 .debug_frame   0x0000054c       0x30 ../build/obj/clock.o
