
Discarded input sections

 .group         0x00000000        0xc ../build/obj/startup.o
 .group         0x00000000        0xc ../build/obj/startup.o
 .group         0x00000000        0xc ../build/obj/startup.o
 .group         0x00000000        0xc ../build/obj/startup.o
 .group         0x00000000        0xc ../build/obj/startup.o
 .group         0x00000000        0xc ../build/obj/startup.o
 .group         0x00000000        0xc ../build/obj/startup.o
 .group         0x00000000        0xc ../build/obj/startup.o
 .group         0x00000000        0xc ../build/obj/startup.o
 .group         0x00000000        0xc ../build/obj/main.o
 .group         0x00000000        0xc ../build/obj/main.o
 .group         0x00000000        0xc ../build/obj/main.o
 .group         0x00000000        0xc ../build/obj/main.o
 .group         0x00000000        0xc ../build/obj/main.o
 .group         0x00000000        0xc ../build/obj/main.o
 .group         0x00000000        0xc ../build/obj/main.o
 .group         0x00000000        0xc ../build/obj/main.o
 .group         0x00000000        0xc ../build/obj/main.o
 .debug_macro   0x00000000      0xa5a ../build/obj/main.o
 .debug_macro   0x00000000       0x19 ../build/obj/main.o
 .debug_macro   0x00000000       0x22 ../build/obj/main.o
 .debug_macro   0x00000000       0x8e ../build/obj/main.o
 .debug_macro   0x00000000       0x51 ../build/obj/main.o
 .debug_macro   0x00000000      0x103 ../build/obj/main.o
 .debug_macro   0x00000000       0x6a ../build/obj/main.o
 .debug_macro   0x00000000      0x1df ../build/obj/main.o
 .debug_macro   0x00000000     0xdf8d ../build/obj/main.o
 .group         0x00000000        0xc ../build/obj/port.o
 .group         0x00000000        0xc ../build/obj/port.o
 .group         0x00000000        0xc ../build/obj/port.o
 .group         0x00000000        0xc ../build/obj/port.o
 .group         0x00000000        0xc ../build/obj/port.o
 .group         0x00000000        0xc ../build/obj/port.o
 .group         0x00000000        0xc ../build/obj/port.o
 .group         0x00000000        0xc ../build/obj/port.o
 .group         0x00000000        0xc ../build/obj/port.o
 .debug_macro   0x00000000      0xa5a ../build/obj/port.o
 .debug_macro   0x00000000       0x19 ../build/obj/port.o
 .debug_macro   0x00000000       0x22 ../build/obj/port.o
 .debug_macro   0x00000000       0x8e ../build/obj/port.o
 .debug_macro   0x00000000       0x51 ../build/obj/port.o
 .debug_macro   0x00000000      0x103 ../build/obj/port.o
 .debug_macro   0x00000000       0x6a ../build/obj/port.o
 .debug_macro   0x00000000      0x1df ../build/obj/port.o
 .debug_macro   0x00000000     0xdf8d ../build/obj/port.o
 .group         0x00000000        0xc ../build/obj/gpio.o
 .group         0x00000000        0xc ../build/obj/gpio.o
 .group         0x00000000        0xc ../build/obj/gpio.o
 .group         0x00000000        0xc ../build/obj/gpio.o
 .group         0x00000000        0xc ../build/obj/gpio.o
 .group         0x00000000        0xc ../build/obj/gpio.o
 .group         0x00000000        0xc ../build/obj/gpio.o
 .group         0x00000000        0xc ../build/obj/gpio.o
 .group         0x00000000        0xc ../build/obj/gpio.o
 .debug_macro   0x00000000      0xa5a ../build/obj/gpio.o
 .debug_macro   0x00000000       0x19 ../build/obj/gpio.o
 .debug_macro   0x00000000       0x22 ../build/obj/gpio.o
 .debug_macro   0x00000000       0x8e ../build/obj/gpio.o
 .debug_macro   0x00000000       0x51 ../build/obj/gpio.o
 .debug_macro   0x00000000      0x103 ../build/obj/gpio.o
 .debug_macro   0x00000000       0x6a ../build/obj/gpio.o
 .debug_macro   0x00000000      0x1df ../build/obj/gpio.o
 .debug_macro   0x00000000     0xdf8d ../build/obj/gpio.o
 .group         0x00000000        0xc ../build/obj/interrupt.o
 .group         0x00000000        0xc ../build/obj/interrupt.o
 .group         0x00000000        0xc ../build/obj/interrupt.o
 .group         0x00000000        0xc ../build/obj/interrupt.o
 .group         0x00000000        0xc ../build/obj/interrupt.o
 .group         0x00000000        0xc ../build/obj/interrupt.o
 .group         0x00000000        0xc ../build/obj/interrupt.o
 .group         0x00000000        0xc ../build/obj/interrupt.o
 .group         0x00000000        0xc ../build/obj/interrupt.o
 .debug_macro   0x00000000      0xa5a ../build/obj/interrupt.o
 .debug_macro   0x00000000       0x19 ../build/obj/interrupt.o
 .debug_macro   0x00000000       0x22 ../build/obj/interrupt.o
 .debug_macro   0x00000000       0x8e ../build/obj/interrupt.o
 .debug_macro   0x00000000       0x51 ../build/obj/interrupt.o
 .debug_macro   0x00000000      0x103 ../build/obj/interrupt.o
 .debug_macro   0x00000000       0x6a ../build/obj/interrupt.o
 .debug_macro   0x00000000      0x1df ../build/obj/interrupt.o
 .debug_macro   0x00000000     0xdf8d ../build/obj/interrupt.o
 .group         0x00000000        0xc ../build/obj/clock.o
 .group         0x00000000        0xc ../build/obj/clock.o
 .group         0x00000000        0xc ../build/obj/clock.o
 .group         0x00000000        0xc ../build/obj/clock.o
 .group         0x00000000        0xc ../build/obj/clock.o
 .group         0x00000000        0xc ../build/obj/clock.o
 .group         0x00000000        0xc ../build/obj/clock.o
 .group         0x00000000        0xc ../build/obj/clock.o
 .group         0x00000000        0xc ../build/obj/clock.o
 .debug_macro   0x00000000      0xa5a ../build/obj/clock.o
 .debug_macro   0x00000000       0x19 ../build/obj/clock.o
 .debug_macro   0x00000000       0x22 ../build/obj/clock.o
 .debug_macro   0x00000000       0x8e ../build/obj/clock.o
 .debug_macro   0x00000000       0x51 ../build/obj/clock.o
 .debug_macro   0x00000000      0x103 ../build/obj/clock.o
 .debug_macro   0x00000000       0x6a ../build/obj/clock.o
 .debug_macro   0x00000000      0x1df ../build/obj/clock.o
 .debug_macro   0x00000000     0xdf8d ../build/obj/clock.o

Memory Configuration

Name             Origin             Length             Attributes
FLASH1           0x00000000         0x00000400         xr
FLASH_CONFIG     0x00000400         0x00000010         xr
FLASH2           0x00000410         0x0007fbf0         xr
SRAM1            0x1fff8000         0x00008000         xrw
SRAM2            0x20000000         0x00007000         xrw
*default*        0x00000000         0xffffffff

Linker script and memory map

LOAD ../build/obj/startup.o
LOAD ../build/obj/main.o
LOAD ../build/obj/port.o
LOAD ../build/obj/gpio.o
LOAD ../build/obj/interrupt.o
LOAD ../build/obj/clock.o

.intvec         0x00000000      0x400
                0x00000000                _intvec_start_ = .
 *(.intvec)
 .intvec        0x00000000      0x400 ../build/obj/interrupt.o
                0x00000000                vectorTable
                0x00000400                . = ALIGN (0x4)
                0x00000400                _intvec_end_ = .

.flashConfig    0x00000400        0x0
 *(.flashConfig)
                0x00000400                . = ALIGN (0x4)

.text           0x00000410      0x1f8
                0x00000410                _stext = .
 *(.text)
 .text          0x00000410       0x2c ../build/obj/startup.o
                0x00000410                Reset_Handler
                0x00000424                initData
                0x00000430                initbss
 .text          0x0000043c       0xd4 ../build/obj/main.o
                0x0000043c                WDOG_disable
                0x00000468                delay
                0x00000494                main
 .text          0x00000510       0x22 ../build/obj/port.o
                0x00000510                PortPCR
 .text          0x00000532       0xaa ../build/obj/gpio.o
                0x00000532                ToggleGPIO
                0x00000556                SetGPIO
                0x0000057a                ClearGPIO
                0x0000059e                DataDirectionGPIO
                0x000005c2                DataOutGPIO
 .text          0x000005dc        0x6 ../build/obj/interrupt.o
                0x000005dc                Reserved54_IRQHandler
                0x000005dc                DebugMon_Handler
                0x000005dc                Reserved88_IRQHandler
                0x000005dc                CAN0_ORed_IRQHandler
                0x000005dc                HardFault_Handler
                0x000005dc                Reserved86_IRQHandler
                0x000005dc                Reserved103_IRQHandler
                0x000005dc                SysTick_Handler
                0x000005dc                FTM2_Ovf_Reload_IRQHandler
                0x000005dc                Reserved50_IRQHandler
                0x000005dc                FTFC_Fault_IRQHandler
                0x000005dc                FTM0_Ch6_Ch7_IRQHandler
                0x000005dc                PendSV_Handler
                0x000005dc                Reserved114_IRQHandler
                0x000005dc                NMI_Handler
                0x000005dc                Reserved89_IRQHandler
                0x000005dc                ERM_double_fault_IRQHandler
                0x000005dc                DMA2_IRQHandler
                0x000005dc                Reserved59_IRQHandler
                0x000005dc                LPIT0_Ch0_IRQHandler
                0x000005dc                Reserved99_IRQHandler
                0x000005dc                FTM3_Ch6_Ch7_IRQHandler
                0x000005dc                CAN2_ORed_0_15_MB_IRQHandler
                0x000005dc                LPIT0_Ch3_IRQHandler
                0x000005dc                Reserved92_IRQHandler
                0x000005dc                FTM0_Ch4_Ch5_IRQHandler
                0x000005dc                CAN1_Error_IRQHandler
                0x000005dc                FTM3_Ch0_Ch1_IRQHandler
                0x000005dc                SWI_IRQHandler
                0x000005dc                ADC0_IRQHandler
                0x000005dc                FTM2_Ch4_Ch5_IRQHandler
                0x000005dc                UsageFault_Handler
                0x000005dc                FTM0_Ovf_Reload_IRQHandler
                0x000005dc                DefaultISR
                0x000005dc                DMA9_IRQHandler
                0x000005dc                Reserved58_IRQHandler
                0x000005dc                CAN1_ORed_0_15_MB_IRQHandler
                0x000005dc                FTM1_Ch2_Ch3_IRQHandler
                0x000005dc                DMA14_IRQHandler
                0x000005dc                Reserved82_IRQHandler
                0x000005dc                CAN0_ORed_16_31_MB_IRQHandler
                0x000005dc                LPI2C0_Slave_IRQHandler
                0x000005dc                Reserved71_IRQHandler
                0x000005dc                PORTD_IRQHandler
                0x000005dc                Reserved69_IRQHandler
                0x000005dc                PORTB_IRQHandler
                0x000005dc                Reserved70_IRQHandler
                0x000005dc                ADC1_IRQHandler
                0x000005dc                FTM2_Ch2_Ch3_IRQHandler
                0x000005dc                DefaultHandler
                0x000005dc                Reserved53_IRQHandler
                0x000005dc                DMA5_IRQHandler
                0x000005dc                RTC_IRQHandler
                0x000005dc                PDB0_IRQHandler
                0x000005dc                FTM2_Ch6_Ch7_IRQHandler
                0x000005dc                FTM3_Ch2_Ch3_IRQHandler
                0x000005dc                FTM2_Ch0_Ch1_IRQHandler
                0x000005dc                LPSPI1_IRQHandler
                0x000005dc                LPUART1_RxTx_IRQHandler
                0x000005dc                RTC_Seconds_IRQHandler
                0x000005dc                CAN2_ORed_IRQHandler
                0x000005dc                Reserved72_IRQHandler
                0x000005dc                Reserved110_IRQHandler
                0x000005dc                DMA11_IRQHandler
                0x000005dc                Reserved107_IRQHandler
                0x000005dc                Read_Collision_IRQHandler
                0x000005dc                CAN2_Error_IRQHandler
                0x000005dc                FTFC_IRQHandler
                0x000005dc                DMA7_IRQHandler
                0x000005dc                FTM1_Ch6_Ch7_IRQHandler
                0x000005dc                Reserved105_IRQHandler
                0x000005dc                LPIT0_Ch1_IRQHandler
                0x000005dc                FTM1_Ch4_Ch5_IRQHandler
                0x000005dc                FTM3_Ovf_Reload_IRQHandler
                0x000005dc                LPUART2_RxTx_IRQHandler
                0x000005dc                LPSPI0_IRQHandler
                0x000005dc                WDOG_EWM_IRQHandler
                0x000005dc                MemManage_Handler
                0x000005dc                Reserved90_IRQHandler
                0x000005dc                Reserved83_IRQHandler
                0x000005dc                FTM0_Fault_IRQHandler
                0x000005dc                Reserved48_IRQHandler
                0x000005dc                SVC_Handler
                0x000005dc                ERM_single_fault_IRQHandler
                0x000005dc                FTM2_Fault_IRQHandler
                0x000005dc                FTM0_Ch2_Ch3_IRQHandler
                0x000005dc                DMA13_IRQHandler
                0x000005dc                FTM0_Ch0_Ch1_IRQHandler
                0x000005dc                FTM3_Fault_IRQHandler
                0x000005dc                RCM_IRQHandler
                0x000005dc                DMA3_IRQHandler
                0x000005dc                Reserved100_IRQHandler
                0x000005dc                DMA0_IRQHandler
                0x000005dc                Reserved91_IRQHandler
                0x000005dc                CAN1_ORed_IRQHandler
                0x000005dc                DMA15_IRQHandler
                0x000005dc                SCG_IRQHandler
                0x000005dc                PDB1_IRQHandler
                0x000005dc                Reserved81_IRQHandler
                0x000005dc                Reserved46_IRQHandler
                0x000005dc                Reserved45_IRQHandler
                0x000005dc                CAN0_Error_IRQHandler
                0x000005dc                Reserved112_IRQHandler
                0x000005dc                LPI2C0_Master_IRQHandler
                0x000005dc                DMA4_IRQHandler
                0x000005dc                FTM1_Fault_IRQHandler
                0x000005dc                Reserved106_IRQHandler
                0x000005dc                DMA_Error_IRQHandler
                0x000005dc                LVD_LVW_IRQHandler
                0x000005dc                LPIT0_Ch2_IRQHandler
                0x000005dc                PORTA_IRQHandler
                0x000005dc                MCM_IRQHandler
                0x000005dc                LPSPI2_IRQHandler
                0x000005dc                DMA12_IRQHandler
                0x000005dc                FTM3_Ch4_Ch5_IRQHandler
                0x000005dc                CAN0_ORed_0_15_MB_IRQHandler
                0x000005dc                LPUART0_RxTx_IRQHandler
                0x000005dc                PORTE_IRQHandler
                0x000005dc                LPTMR0_IRQHandler
                0x000005dc                BusFault_Handler
                0x000005dc                Reserved87_IRQHandler
                0x000005dc                FTM1_Ovf_Reload_IRQHandler
                0x000005dc                DMA8_IRQHandler
                0x000005dc                Reserved93_IRQHandler
                0x000005dc                DMA10_IRQHandler
                0x000005dc                CAN0_Wake_Up_IRQHandler
                0x000005dc                CMP0_IRQHandler
                0x000005dc                Reserved52_IRQHandler
                0x000005dc                PORTC_IRQHandler
                0x000005dc                DMA6_IRQHandler
                0x000005dc                FTM1_Ch0_Ch1_IRQHandler
                0x000005dc                FLEXIO_IRQHandler
                0x000005dc                DMA1_IRQHandler
                0x000005dc                Reserved113_IRQHandler
 *fill*         0x000005e2        0x2 
 .text          0x000005e4       0x24 ../build/obj/clock.o
                0x000005e4                initClk
 *(.text*)
 *(.rodata)
 *(.rodata*)
 *(.glue_7)
 .glue_7        0x00000608        0x0 linker stubs
 *(.glue_7t)
 .glue_7t       0x00000608        0x0 linker stubs
 *(.eh_frame)
 *(.init)
 *(.fini)
                0x00000608                . = ALIGN (0x4)
                0x00000608                _etext = .

.vfp11_veneer   0x00000608        0x0
 .vfp11_veneer  0x00000608        0x0 linker stubs

.v4_bx          0x00000608        0x0
 .v4_bx         0x00000608        0x0 linker stubs

.iplt           0x00000608        0x0
 .iplt          0x00000608        0x0 ../build/obj/startup.o

.rel.dyn        0x00000608        0x0
 .rel.iplt      0x00000608        0x0 ../build/obj/startup.o

.data           0x1fff8000        0x0 load address 0x00000608
                0x1fff8000                _sdata_ram = .
 *(.data)
 .data          0x1fff8000        0x0 ../build/obj/startup.o
 .data          0x1fff8000        0x0 ../build/obj/main.o
 .data          0x1fff8000        0x0 ../build/obj/port.o
 .data          0x1fff8000        0x0 ../build/obj/gpio.o
 .data          0x1fff8000        0x0 ../build/obj/interrupt.o
 .data          0x1fff8000        0x0 ../build/obj/clock.o
                0x1fff8000                . = ALIGN (0x4)
                0x1fff8000                _edata_ram = .

.igot.plt       0x1fff8000        0x0 load address 0x00000608
 .igot.plt      0x1fff8000        0x0 ../build/obj/startup.o

.bss            0x1fff8000        0x8 load address 0x00000608
                0x1fff8000                _bss_start_ = .
 *(.bss)
 .bss           0x1fff8000        0x0 ../build/obj/startup.o
 .bss           0x1fff8000        0x8 ../build/obj/main.o
                0x1fff8000                dlyCnt
                0x1fff8004                counter
 .bss           0x1fff8008        0x0 ../build/obj/port.o
 .bss           0x1fff8008        0x0 ../build/obj/gpio.o
 .bss           0x1fff8008        0x0 ../build/obj/interrupt.o
 .bss           0x1fff8008        0x0 ../build/obj/clock.o
 *(.bss*)
 *(.common)
 *(.common*)
                0x1fff8008                . = ALIGN (0x4)
                0x1fff8008                _bss_end_ = .
OUTPUT(../build/bin/S32_App.elf elf32-littlearm)
LOAD linker stubs

.debug_info     0x00000000      0xb3c
 .debug_info    0x00000000       0xa6 ../build/obj/startup.o
 .debug_info    0x000000a6      0x37d ../build/obj/main.o
 .debug_info    0x00000423      0x28b ../build/obj/port.o
 .debug_info    0x000006ae      0x2f7 ../build/obj/gpio.o
 .debug_info    0x000009a5       0xbc ../build/obj/interrupt.o
 .debug_info    0x00000a61       0xdb ../build/obj/clock.o

.debug_abbrev   0x00000000      0x497
 .debug_abbrev  0x00000000       0x5d ../build/obj/startup.o
 .debug_abbrev  0x0000005d      0x12e ../build/obj/main.o
 .debug_abbrev  0x0000018b       0xff ../build/obj/port.o
 .debug_abbrev  0x0000028a       0xf6 ../build/obj/gpio.o
 .debug_abbrev  0x00000380       0x7b ../build/obj/interrupt.o
 .debug_abbrev  0x000003fb       0x9c ../build/obj/clock.o

.debug_aranges  0x00000000       0xc0
 .debug_aranges
                0x00000000       0x20 ../build/obj/startup.o
 .debug_aranges
                0x00000020       0x20 ../build/obj/main.o
 .debug_aranges
                0x00000040       0x20 ../build/obj/port.o
 .debug_aranges
                0x00000060       0x20 ../build/obj/gpio.o
 .debug_aranges
                0x00000080       0x20 ../build/obj/interrupt.o
 .debug_aranges
                0x000000a0       0x20 ../build/obj/clock.o

.debug_macro    0x00000000     0xf13f
 .debug_macro   0x00000000       0x7e ../build/obj/startup.o
 .debug_macro   0x0000007e      0xa5a ../build/obj/startup.o
 .debug_macro   0x00000ad8       0x19 ../build/obj/startup.o
 .debug_macro   0x00000af1       0x22 ../build/obj/startup.o
 .debug_macro   0x00000b13       0x8e ../build/obj/startup.o
 .debug_macro   0x00000ba1       0x51 ../build/obj/startup.o
 .debug_macro   0x00000bf2      0x103 ../build/obj/startup.o
 .debug_macro   0x00000cf5       0x6a ../build/obj/startup.o
 .debug_macro   0x00000d5f      0x1df ../build/obj/startup.o
 .debug_macro   0x00000f3e     0xdf8d ../build/obj/startup.o
 .debug_macro   0x0000eecb       0x88 ../build/obj/main.o
 .debug_macro   0x0000ef53       0x84 ../build/obj/port.o
 .debug_macro   0x0000efd7       0x76 ../build/obj/gpio.o
 .debug_macro   0x0000f04d       0x76 ../build/obj/interrupt.o
 .debug_macro   0x0000f0c3       0x7c ../build/obj/clock.o

.debug_line     0x00000000      0xbbb
 .debug_line    0x00000000      0x1fb ../build/obj/startup.o
 .debug_line    0x000001fb      0x245 ../build/obj/main.o
 .debug_line    0x00000440      0x1d7 ../build/obj/port.o
 .debug_line    0x00000617      0x1fa ../build/obj/gpio.o
 .debug_line    0x00000811      0x1d3 ../build/obj/interrupt.o
 .debug_line    0x000009e4      0x1d7 ../build/obj/clock.o

.debug_str      0x00000000    0x5d8d8
 .debug_str     0x00000000    0x5d667 ../build/obj/startup.o
                              0x5d7c2 (size before relaxing)
 .debug_str     0x0005d667      0x18c ../build/obj/main.o
                              0x5d92b (size before relaxing)
 .debug_str     0x0005d7f3       0x34 ../build/obj/port.o
                              0x5d8de (size before relaxing)
 .debug_str     0x0005d827       0x56 ../build/obj/gpio.o
                              0x5d8e9 (size before relaxing)
 .debug_str     0x0005d87d       0x32 ../build/obj/interrupt.o
                              0x5d7d4 (size before relaxing)
 .debug_str     0x0005d8af       0x29 ../build/obj/clock.o
                              0x5d7d6 (size before relaxing)

.comment        0x00000000       0x49
 .comment       0x00000000       0x49 ../build/obj/startup.o
                                 0x4a (size before relaxing)
 .comment       0x00000049       0x4a ../build/obj/main.o
 .comment       0x00000049       0x4a ../build/obj/port.o
 .comment       0x00000049       0x4a ../build/obj/gpio.o
 .comment       0x00000049       0x4a ../build/obj/interrupt.o
 .comment       0x00000049       0x4a ../build/obj/clock.o

.ARM.attributes
                0x00000000       0x2e
 .ARM.attributes
                0x00000000       0x2e ../build/obj/startup.o
 .ARM.attributes
                0x0000002e       0x2e ../build/obj/main.o
 .ARM.attributes
                0x0000005c       0x2e ../build/obj/port.o
 .ARM.attributes
                0x0000008a       0x2e ../build/obj/gpio.o
 .ARM.attributes
                0x000000b8       0x2e ../build/obj/interrupt.o
 .ARM.attributes
                0x000000e6       0x2e ../build/obj/clock.o

.debug_frame    0x00000000      0x248
 .debug_frame   0x00000000       0x6c ../build/obj/startup.o
 .debug_frame   0x0000006c       0x74 ../build/obj/main.o
 .debug_frame   0x000000e0       0x38 ../build/obj/port.o
 .debug_frame   0x00000118       0xd8 ../build/obj/gpio.o
 .debug_frame   0x000001f0       0x28 ../build/obj/interrupt.o
 .debug_frame   0x00000218       0x30 ../build/obj/clock.o
