
Discarded input sections

 .group         0x00000000        0xc ../build/obj/clock.o
 .group         0x00000000        0xc ../build/obj/clock.o
 .group         0x00000000        0xc ../build/obj/clock.o
 .group         0x00000000        0xc ../build/obj/clock.o
 .group         0x00000000        0xc ../build/obj/clock.o
 .group         0x00000000        0xc ../build/obj/clock.o
 .group         0x00000000        0xc ../build/obj/clock.o
 .group         0x00000000        0xc ../build/obj/clock.o
 .group         0x00000000        0xc ../build/obj/clock.o
 .group         0x00000000        0xc ../build/obj/flash.o
 .group         0x00000000        0xc ../build/obj/flash.o
 .group         0x00000000        0xc ../build/obj/flash.o
 .group         0x00000000        0xc ../build/obj/flash.o
 .group         0x00000000        0xc ../build/obj/flash.o
 .group         0x00000000        0xc ../build/obj/flash.o
 .group         0x00000000        0xc ../build/obj/flash.o
 .group         0x00000000        0xc ../build/obj/flash.o
 .group         0x00000000        0xc ../build/obj/flash.o
 .debug_macro   0x00000000      0xa5a ../build/obj/flash.o
 .debug_macro   0x00000000       0x19 ../build/obj/flash.o
 .debug_macro   0x00000000       0x22 ../build/obj/flash.o
 .debug_macro   0x00000000       0x8e ../build/obj/flash.o
 .debug_macro   0x00000000       0x51 ../build/obj/flash.o
 .debug_macro   0x00000000      0x103 ../build/obj/flash.o
 .debug_macro   0x00000000       0x6a ../build/obj/flash.o
 .debug_macro   0x00000000      0x1df ../build/obj/flash.o
 .debug_macro   0x00000000     0xdf8d ../build/obj/flash.o
 .group         0x00000000        0xc ../build/obj/gpio.o
 .group         0x00000000        0xc ../build/obj/gpio.o
 .group         0x00000000        0xc ../build/obj/gpio.o
 .group         0x00000000        0xc ../build/obj/gpio.o
 .group         0x00000000        0xc ../build/obj/gpio.o
 .group         0x00000000        0xc ../build/obj/gpio.o
 .group         0x00000000        0xc ../build/obj/gpio.o
 .group         0x00000000        0xc ../build/obj/gpio.o
 .group         0x00000000        0xc ../build/obj/gpio.o
 .debug_macro   0x00000000      0xa5a ../build/obj/gpio.o
 .debug_macro   0x00000000       0x19 ../build/obj/gpio.o
 .debug_macro   0x00000000       0x22 ../build/obj/gpio.o
 .debug_macro   0x00000000       0x8e ../build/obj/gpio.o
 .debug_macro   0x00000000       0x51 ../build/obj/gpio.o
 .debug_macro   0x00000000      0x103 ../build/obj/gpio.o
 .debug_macro   0x00000000       0x6a ../build/obj/gpio.o
 .debug_macro   0x00000000      0x1df ../build/obj/gpio.o
 .debug_macro   0x00000000     0xdf8d ../build/obj/gpio.o
 .group         0x00000000        0xc ../build/obj/interrupt.o
 .group         0x00000000        0xc ../build/obj/interrupt.o
 .group         0x00000000        0xc ../build/obj/interrupt.o
 .group         0x00000000        0xc ../build/obj/interrupt.o
 .group         0x00000000        0xc ../build/obj/interrupt.o
 .group         0x00000000        0xc ../build/obj/interrupt.o
 .group         0x00000000        0xc ../build/obj/interrupt.o
 .group         0x00000000        0xc ../build/obj/interrupt.o
 .group         0x00000000        0xc ../build/obj/interrupt.o
 .debug_macro   0x00000000      0xa5a ../build/obj/interrupt.o
 .debug_macro   0x00000000       0x19 ../build/obj/interrupt.o
 .debug_macro   0x00000000       0x22 ../build/obj/interrupt.o
 .debug_macro   0x00000000       0x8e ../build/obj/interrupt.o
 .debug_macro   0x00000000       0x51 ../build/obj/interrupt.o
 .debug_macro   0x00000000      0x103 ../build/obj/interrupt.o
 .debug_macro   0x00000000       0x6a ../build/obj/interrupt.o
 .debug_macro   0x00000000      0x1df ../build/obj/interrupt.o
 .debug_macro   0x00000000     0xdf8d ../build/obj/interrupt.o
 .group         0x00000000        0xc ../build/obj/main.o
 .group         0x00000000        0xc ../build/obj/main.o
 .group         0x00000000        0xc ../build/obj/main.o
 .group         0x00000000        0xc ../build/obj/main.o
 .group         0x00000000        0xc ../build/obj/main.o
 .group         0x00000000        0xc ../build/obj/main.o
 .group         0x00000000        0xc ../build/obj/main.o
 .group         0x00000000        0xc ../build/obj/main.o
 .group         0x00000000        0xc ../build/obj/main.o
 .debug_macro   0x00000000      0xa5a ../build/obj/main.o
 .debug_macro   0x00000000       0x19 ../build/obj/main.o
 .debug_macro   0x00000000       0x22 ../build/obj/main.o
 .debug_macro   0x00000000       0x8e ../build/obj/main.o
 .debug_macro   0x00000000       0x51 ../build/obj/main.o
 .debug_macro   0x00000000      0x103 ../build/obj/main.o
 .debug_macro   0x00000000       0x6a ../build/obj/main.o
 .debug_macro   0x00000000      0x1df ../build/obj/main.o
 .debug_macro   0x00000000     0xdf8d ../build/obj/main.o
 .group         0x00000000        0xc ../build/obj/port.o
 .group         0x00000000        0xc ../build/obj/port.o
 .group         0x00000000        0xc ../build/obj/port.o
 .group         0x00000000        0xc ../build/obj/port.o
 .group         0x00000000        0xc ../build/obj/port.o
 .group         0x00000000        0xc ../build/obj/port.o
 .group         0x00000000        0xc ../build/obj/port.o
 .group         0x00000000        0xc ../build/obj/port.o
 .group         0x00000000        0xc ../build/obj/port.o
 .debug_macro   0x00000000      0xa5a ../build/obj/port.o
 .debug_macro   0x00000000       0x19 ../build/obj/port.o
 .debug_macro   0x00000000       0x22 ../build/obj/port.o
 .debug_macro   0x00000000       0x8e ../build/obj/port.o
 .debug_macro   0x00000000       0x51 ../build/obj/port.o
 .debug_macro   0x00000000      0x103 ../build/obj/port.o
 .debug_macro   0x00000000       0x6a ../build/obj/port.o
 .debug_macro   0x00000000      0x1df ../build/obj/port.o
 .debug_macro   0x00000000     0xdf8d ../build/obj/port.o
 .group         0x00000000        0xc ../build/obj/startup.o
 .group         0x00000000        0xc ../build/obj/startup.o
 .group         0x00000000        0xc ../build/obj/startup.o
 .group         0x00000000        0xc ../build/obj/startup.o
 .group         0x00000000        0xc ../build/obj/startup.o
 .group         0x00000000        0xc ../build/obj/startup.o
 .group         0x00000000        0xc ../build/obj/startup.o
 .group         0x00000000        0xc ../build/obj/startup.o
 .group         0x00000000        0xc ../build/obj/startup.o
 .debug_macro   0x00000000      0xa5a ../build/obj/startup.o
 .debug_macro   0x00000000       0x19 ../build/obj/startup.o
 .debug_macro   0x00000000       0x22 ../build/obj/startup.o
 .debug_macro   0x00000000       0x8e ../build/obj/startup.o
 .debug_macro   0x00000000       0x51 ../build/obj/startup.o
 .debug_macro   0x00000000      0x103 ../build/obj/startup.o
 .debug_macro   0x00000000       0x6a ../build/obj/startup.o
 .debug_macro   0x00000000      0x1df ../build/obj/startup.o
 .debug_macro   0x00000000     0xdf8d ../build/obj/startup.o
 .group         0x00000000        0xc ../build/obj/wdog.o
 .group         0x00000000        0xc ../build/obj/wdog.o
 .group         0x00000000        0xc ../build/obj/wdog.o
 .group         0x00000000        0xc ../build/obj/wdog.o
 .group         0x00000000        0xc ../build/obj/wdog.o
 .group         0x00000000        0xc ../build/obj/wdog.o
 .group         0x00000000        0xc ../build/obj/wdog.o
 .group         0x00000000        0xc ../build/obj/wdog.o
 .group         0x00000000        0xc ../build/obj/wdog.o
 .debug_macro   0x00000000      0xa5a ../build/obj/wdog.o
 .debug_macro   0x00000000       0x19 ../build/obj/wdog.o
 .debug_macro   0x00000000       0x22 ../build/obj/wdog.o
 .debug_macro   0x00000000       0x8e ../build/obj/wdog.o
 .debug_macro   0x00000000       0x51 ../build/obj/wdog.o
 .debug_macro   0x00000000      0x103 ../build/obj/wdog.o
 .debug_macro   0x00000000       0x6a ../build/obj/wdog.o
 .debug_macro   0x00000000      0x1df ../build/obj/wdog.o
 .debug_macro   0x00000000     0xdf8d ../build/obj/wdog.o

Memory Configuration

Name             Origin             Length             Attributes
VECTAB           0x00008400         0x00000400         xr
FLASH            0x00008800         0x000777ff         xr
SRAM1            0x1fff8000         0x00008000         xrw
SRAM2            0x20000000         0x00007000         xrw
*default*        0x00000000         0xffffffff

Linker script and memory map

LOAD ../build/obj/clock.o
LOAD ../build/obj/flash.o
LOAD ../build/obj/gpio.o
LOAD ../build/obj/interrupt.o
LOAD ../build/obj/main.o
LOAD ../build/obj/port.o
LOAD ../build/obj/startup.o
LOAD ../build/obj/wdog.o

.intvec         0x00008400      0x400
                0x00008400                _intvec_start_ = .
 *(.intvec)
 .intvec        0x00008400      0x400 ../build/obj/interrupt.o
                0x00008400                vectorTable
                0x00008800                . = ALIGN (0x4)
                0x00008800                _intvec_end_ = .

.text           0x00008800      0x3ec
                0x00008800                _stext = .
 *(.text)
 .text          0x00008800       0x24 ../build/obj/clock.o
                0x00008800                initClk
 .text          0x00008824      0x1e0 ../build/obj/flash.o
                0x00008824                CommandSequence
                0x00008860                Read1sBlock
                0x0000887c                Read1sSection
                0x00008898                ProgramCheck
                0x000088b4                ProgramPhrase
                0x000088d0                EraseFlashBlock
                0x000088ec                EraseFlashSector
                0x00008908                ProgramSection
                0x00008924                Read1sAllBlocks
                0x00008940                ReadOnce
                0x0000895c                ProgramOnce
                0x00008978                EraseAllBlocks
                0x00008994                VerifyBackdoorAccessKey
                0x000089b0                EraseAllBlocksUnsecure
                0x000089cc                ProgramPartition
                0x000089e8                SetFlexRAM
 .text          0x00008a04       0xc0 ../build/obj/gpio.o
                0x00008a04                ToggleGPIO
                0x00008a2c                SetGPIO
                0x00008a54                ClearGPIO
                0x00008a7c                DataDirectionGPIO
                0x00008aa4                DataOutGPIO
 .text          0x00008ac4       0x3c ../build/obj/interrupt.o
                0x00008ac4                Reserved54_IRQHandler
                0x00008ac4                DMA1_IRQHandler
                0x00008ac4                Reserved88_IRQHandler
                0x00008ac4                CAN0_ORed_IRQHandler
                0x00008ac4                FLEXIO_IRQHandler
                0x00008ac4                Reserved86_IRQHandler
                0x00008ac4                Reserved103_IRQHandler
                0x00008ac4                FTM1_Ch0_Ch1_IRQHandler
                0x00008ac4                FTM2_Ovf_Reload_IRQHandler
                0x00008ac4                Reserved50_IRQHandler
                0x00008ac4                FTFC_Fault_IRQHandler
                0x00008ac4                FTM0_Ch6_Ch7_IRQHandler
                0x00008ac4                DMA6_IRQHandler
                0x00008ac4                Reserved114_IRQHandler
                0x00008ac4                PORTC_IRQHandler
                0x00008ac4                Reserved89_IRQHandler
                0x00008ac4                ERM_double_fault_IRQHandler
                0x00008ac4                DMA2_IRQHandler
                0x00008ac4                Reserved59_IRQHandler
                0x00008ac4                LPIT0_Ch0_IRQHandler
                0x00008ac4                Reserved99_IRQHandler
                0x00008ac4                FTM3_Ch6_Ch7_IRQHandler
                0x00008ac4                CAN2_ORed_0_15_MB_IRQHandler
                0x00008ac4                LPIT0_Ch3_IRQHandler
                0x00008ac4                Reserved92_IRQHandler
                0x00008ac4                FTM0_Ch4_Ch5_IRQHandler
                0x00008ac4                CAN1_Error_IRQHandler
                0x00008ac4                FTM3_Ch0_Ch1_IRQHandler
                0x00008ac4                SWI_IRQHandler
                0x00008ac4                ADC0_IRQHandler
                0x00008ac4                FTM2_Ch4_Ch5_IRQHandler
                0x00008ac4                Reserved52_IRQHandler
                0x00008ac4                FTM0_Ovf_Reload_IRQHandler
                0x00008ac4                DefaultISR
                0x00008ac4                DMA9_IRQHandler
                0x00008ac4                Reserved58_IRQHandler
                0x00008ac4                CAN1_ORed_0_15_MB_IRQHandler
                0x00008ac4                FTM1_Ch2_Ch3_IRQHandler
                0x00008ac4                DMA14_IRQHandler
                0x00008ac4                Reserved82_IRQHandler
                0x00008ac4                CAN0_ORed_16_31_MB_IRQHandler
                0x00008ac4                LPI2C0_Slave_IRQHandler
                0x00008ac4                Reserved71_IRQHandler
                0x00008ac4                PORTD_IRQHandler
                0x00008ac4                Reserved69_IRQHandler
                0x00008ac4                PORTB_IRQHandler
                0x00008ac4                Reserved70_IRQHandler
                0x00008ac4                ADC1_IRQHandler
                0x00008ac4                FTM2_Ch2_Ch3_IRQHandler
                0x00008ac4                DefaultHandler
                0x00008ac4                Reserved53_IRQHandler
                0x00008ac4                DMA5_IRQHandler
                0x00008ac4                RTC_IRQHandler
                0x00008ac4                PDB0_IRQHandler
                0x00008ac4                FTM2_Ch6_Ch7_IRQHandler
                0x00008ac4                FTM3_Ch2_Ch3_IRQHandler
                0x00008ac4                FTM2_Ch0_Ch1_IRQHandler
                0x00008ac4                LPSPI1_IRQHandler
                0x00008ac4                LPUART1_RxTx_IRQHandler
                0x00008ac4                RTC_Seconds_IRQHandler
                0x00008ac4                CAN2_ORed_IRQHandler
                0x00008ac4                Reserved72_IRQHandler
                0x00008ac4                Reserved110_IRQHandler
                0x00008ac4                DMA11_IRQHandler
                0x00008ac4                Reserved107_IRQHandler
                0x00008ac4                Read_Collision_IRQHandler
                0x00008ac4                CAN2_Error_IRQHandler
                0x00008ac4                FTFC_IRQHandler
                0x00008ac4                DMA7_IRQHandler
                0x00008ac4                FTM1_Ch6_Ch7_IRQHandler
                0x00008ac4                Reserved105_IRQHandler
                0x00008ac4                LPIT0_Ch1_IRQHandler
                0x00008ac4                FTM1_Ch4_Ch5_IRQHandler
                0x00008ac4                FTM3_Ovf_Reload_IRQHandler
                0x00008ac4                LPUART2_RxTx_IRQHandler
                0x00008ac4                LPSPI0_IRQHandler
                0x00008ac4                WDOG_EWM_IRQHandler
                0x00008ac4                CMP0_IRQHandler
                0x00008ac4                Reserved90_IRQHandler
                0x00008ac4                Reserved83_IRQHandler
                0x00008ac4                FTM0_Fault_IRQHandler
                0x00008ac4                Reserved48_IRQHandler
                0x00008ac4                CAN0_Wake_Up_IRQHandler
                0x00008ac4                ERM_single_fault_IRQHandler
                0x00008ac4                FTM2_Fault_IRQHandler
                0x00008ac4                FTM0_Ch2_Ch3_IRQHandler
                0x00008ac4                DMA13_IRQHandler
                0x00008ac4                FTM0_Ch0_Ch1_IRQHandler
                0x00008ac4                FTM3_Fault_IRQHandler
                0x00008ac4                RCM_IRQHandler
                0x00008ac4                DMA3_IRQHandler
                0x00008ac4                Reserved100_IRQHandler
                0x00008ac4                DMA0_IRQHandler
                0x00008ac4                Reserved91_IRQHandler
                0x00008ac4                CAN1_ORed_IRQHandler
                0x00008ac4                DMA15_IRQHandler
                0x00008ac4                SCG_IRQHandler
                0x00008ac4                PDB1_IRQHandler
                0x00008ac4                Reserved81_IRQHandler
                0x00008ac4                Reserved46_IRQHandler
                0x00008ac4                Reserved45_IRQHandler
                0x00008ac4                CAN0_Error_IRQHandler
                0x00008ac4                Reserved112_IRQHandler
                0x00008ac4                LPI2C0_Master_IRQHandler
                0x00008ac4                DMA4_IRQHandler
                0x00008ac4                FTM1_Fault_IRQHandler
                0x00008ac4                Reserved106_IRQHandler
                0x00008ac4                DMA_Error_IRQHandler
                0x00008ac4                LVD_LVW_IRQHandler
                0x00008ac4                LPIT0_Ch2_IRQHandler
                0x00008ac4                PORTA_IRQHandler
                0x00008ac4                MCM_IRQHandler
                0x00008ac4                LPSPI2_IRQHandler
                0x00008ac4                DMA12_IRQHandler
                0x00008ac4                FTM3_Ch4_Ch5_IRQHandler
                0x00008ac4                CAN0_ORed_0_15_MB_IRQHandler
                0x00008ac4                LPUART0_RxTx_IRQHandler
                0x00008ac4                PORTE_IRQHandler
                0x00008ac4                LPTMR0_IRQHandler
                0x00008ac4                DMA10_IRQHandler
                0x00008ac4                Reserved87_IRQHandler
                0x00008ac4                FTM1_Ovf_Reload_IRQHandler
                0x00008ac4                DMA8_IRQHandler
                0x00008ac4                Reserved93_IRQHandler
                0x00008ac4                Reserved113_IRQHandler
                0x00008aca                NMI_Handler
                0x00008ad0                HardFault_Handler
                0x00008ad6                MemManage_Handler
                0x00008adc                BusFault_Handler
                0x00008ae2                UsageFault_Handler
                0x00008ae8                SVC_Handler
                0x00008aee                DebugMon_Handler
                0x00008af4                PendSV_Handler
                0x00008afa                SysTick_Handler
 .text          0x00008b00       0x48 ../build/obj/main.o
                0x00008b00                delay
                0x00008b2c                main
 .text          0x00008b48       0x22 ../build/obj/port.o
                0x00008b48                PortPCR
 .text          0x00008b6a       0x2c ../build/obj/startup.o
                0x00008b6a                Reset_Handler
                0x00008b7e                initData
                0x00008b8a                initbss
 *fill*         0x00008b96        0x2 
 .text          0x00008b98       0x54 ../build/obj/wdog.o
                0x00008b98                DisableWDOG
                0x00008bc4                RefreshWDOG
                0x00008be0                CongiWDOG
 *(.text*)
 *(.rodata)
 *(.rodata*)
 *(.glue_7)
 .glue_7        0x00008bec        0x0 linker stubs
 *(.glue_7t)
 .glue_7t       0x00008bec        0x0 linker stubs
 *(.eh_frame)
 *(.init)
 *(.fini)
                0x00008bec                . = ALIGN (0x4)
                0x00008bec                _etext = .

.vfp11_veneer   0x00008bec        0x0
 .vfp11_veneer  0x00008bec        0x0 linker stubs

.v4_bx          0x00008bec        0x0
 .v4_bx         0x00008bec        0x0 linker stubs

.iplt           0x00008bec        0x0
 .iplt          0x00008bec        0x0 ../build/obj/flash.o

.rel.dyn        0x00008bec        0x0
 .rel.iplt      0x00008bec        0x0 ../build/obj/flash.o

.data           0x1fff8000        0x0 load address 0x00008bec
                0x1fff8000                _sdata_ram = .
 *(.data)
 .data          0x1fff8000        0x0 ../build/obj/clock.o
 .data          0x1fff8000        0x0 ../build/obj/flash.o
 .data          0x1fff8000        0x0 ../build/obj/gpio.o
 .data          0x1fff8000        0x0 ../build/obj/interrupt.o
 .data          0x1fff8000        0x0 ../build/obj/main.o
 .data          0x1fff8000        0x0 ../build/obj/port.o
 .data          0x1fff8000        0x0 ../build/obj/startup.o
 .data          0x1fff8000        0x0 ../build/obj/wdog.o
                0x1fff8000                . = ALIGN (0x4)
                0x1fff8000                _edata_ram = .

.igot.plt       0x1fff8000        0x0 load address 0x00008bec
 .igot.plt      0x1fff8000        0x0 ../build/obj/flash.o

.flashConfig    0x1fff8000       0x10 load address 0x00008bec
 .flashConfig   0x1fff8000       0x10 ../build/obj/startup.o
                0x1fff8000                flashConfig

.bss            0x1fff8010        0x8 load address 0x00008bfc
                0x1fff8010                _bss_start_ = .
 *(.bss)
 .bss           0x1fff8010        0x0 ../build/obj/clock.o
 .bss           0x1fff8010        0x0 ../build/obj/flash.o
 .bss           0x1fff8010        0x0 ../build/obj/gpio.o
 .bss           0x1fff8010        0x0 ../build/obj/interrupt.o
 .bss           0x1fff8010        0x8 ../build/obj/main.o
                0x1fff8010                dlyCnt
                0x1fff8014                counter
 .bss           0x1fff8018        0x0 ../build/obj/port.o
 .bss           0x1fff8018        0x0 ../build/obj/startup.o
 .bss           0x1fff8018        0x0 ../build/obj/wdog.o
 *(.bss*)
 *(.common)
 *(.common*)
                0x1fff8018                . = ALIGN (0x4)
                0x1fff8018                _bss_end_ = .
OUTPUT(../build/bin/S32_App.elf elf32-littlearm)
LOAD linker stubs

.debug_info     0x00000000      0xeca
 .debug_info    0x00000000       0xdb ../build/obj/clock.o
 .debug_info    0x000000db      0x2e8 ../build/obj/flash.o
 .debug_info    0x000003c3      0x2f7 ../build/obj/gpio.o
 .debug_info    0x000006ba      0x15e ../build/obj/interrupt.o
 .debug_info    0x00000818      0x235 ../build/obj/main.o
 .debug_info    0x00000a4d      0x28b ../build/obj/port.o
 .debug_info    0x00000cd8       0xe0 ../build/obj/startup.o
 .debug_info    0x00000db8      0x112 ../build/obj/wdog.o

.debug_abbrev   0x00000000      0x5e2
 .debug_abbrev  0x00000000       0x9c ../build/obj/clock.o
 .debug_abbrev  0x0000009c       0xbb ../build/obj/flash.o
 .debug_abbrev  0x00000157       0xf6 ../build/obj/gpio.o
 .debug_abbrev  0x0000024d       0x7b ../build/obj/interrupt.o
 .debug_abbrev  0x000002c8       0xef ../build/obj/main.o
 .debug_abbrev  0x000003b7       0xff ../build/obj/port.o
 .debug_abbrev  0x000004b6       0x91 ../build/obj/startup.o
 .debug_abbrev  0x00000547       0x9b ../build/obj/wdog.o

.debug_aranges  0x00000000      0x100
 .debug_aranges
                0x00000000       0x20 ../build/obj/clock.o
 .debug_aranges
                0x00000020       0x20 ../build/obj/flash.o
 .debug_aranges
                0x00000040       0x20 ../build/obj/gpio.o
 .debug_aranges
                0x00000060       0x20 ../build/obj/interrupt.o
 .debug_aranges
                0x00000080       0x20 ../build/obj/main.o
 .debug_aranges
                0x000000a0       0x20 ../build/obj/port.o
 .debug_aranges
                0x000000c0       0x20 ../build/obj/startup.o
 .debug_aranges
                0x000000e0       0x20 ../build/obj/wdog.o

.debug_macro    0x00000000     0xf24f
 .debug_macro   0x00000000       0x7c ../build/obj/clock.o
 .debug_macro   0x0000007c      0xa5a ../build/obj/clock.o
 .debug_macro   0x00000ad6       0x19 ../build/obj/clock.o
 .debug_macro   0x00000aef       0x22 ../build/obj/clock.o
 .debug_macro   0x00000b11       0x8e ../build/obj/clock.o
 .debug_macro   0x00000b9f       0x51 ../build/obj/clock.o
 .debug_macro   0x00000bf0      0x103 ../build/obj/clock.o
 .debug_macro   0x00000cf3       0x6a ../build/obj/clock.o
 .debug_macro   0x00000d5d      0x1df ../build/obj/clock.o
 .debug_macro   0x00000f3c     0xdf8d ../build/obj/clock.o
 .debug_macro   0x0000eec9       0x7c ../build/obj/flash.o
 .debug_macro   0x0000ef45       0x76 ../build/obj/gpio.o
 .debug_macro   0x0000efbb       0x76 ../build/obj/interrupt.o
 .debug_macro   0x0000f031       0xa0 ../build/obj/main.o
 .debug_macro   0x0000f0d1       0x84 ../build/obj/port.o
 .debug_macro   0x0000f155       0x7e ../build/obj/startup.o
 .debug_macro   0x0000f1d3       0x7c ../build/obj/wdog.o

.debug_line     0x00000000     0x1245
 .debug_line    0x00000000      0x207 ../build/obj/clock.o
 .debug_line    0x00000207      0x31c ../build/obj/flash.o
 .debug_line    0x00000523      0x236 ../build/obj/gpio.o
 .debug_line    0x00000759      0x25d ../build/obj/interrupt.o
 .debug_line    0x000009b6      0x242 ../build/obj/main.o
 .debug_line    0x00000bf8      0x207 ../build/obj/port.o
 .debug_line    0x00000dff      0x22b ../build/obj/startup.o
 .debug_line    0x0000102a      0x21b ../build/obj/wdog.o

.debug_str      0x00000000    0x5db1d
 .debug_str     0x00000000    0x5d67e ../build/obj/clock.o
                              0x5d7e2 (size before relaxing)
 .debug_str     0x0005d67e      0x18e ../build/obj/flash.o
                              0x5d930 (size before relaxing)
 .debug_str     0x0005d80c      0x142 ../build/obj/gpio.o
                              0x5d8f5 (size before relaxing)
 .debug_str     0x0005d94e       0xc2 ../build/obj/interrupt.o
                              0x5d870 (size before relaxing)
 .debug_str     0x0005da10       0x3c ../build/obj/main.o
                              0x5d8d8 (size before relaxing)
 .debug_str     0x0005da4c       0x4d ../build/obj/port.o
                              0x5d8ea (size before relaxing)
 .debug_str     0x0005da99       0x40 ../build/obj/startup.o
                              0x5d7ee (size before relaxing)
 .debug_str     0x0005dad9       0x44 ../build/obj/wdog.o
                              0x5d7fa (size before relaxing)

.comment        0x00000000       0x49
 .comment       0x00000000       0x49 ../build/obj/clock.o
                                 0x4a (size before relaxing)
 .comment       0x00000049       0x4a ../build/obj/flash.o
 .comment       0x00000049       0x4a ../build/obj/gpio.o
 .comment       0x00000049       0x4a ../build/obj/interrupt.o
 .comment       0x00000049       0x4a ../build/obj/main.o
 .comment       0x00000049       0x4a ../build/obj/port.o
 .comment       0x00000049       0x4a ../build/obj/startup.o
 .comment       0x00000049       0x4a ../build/obj/wdog.o

.ARM.attributes
                0x00000000       0x2e
 .ARM.attributes
                0x00000000       0x2e ../build/obj/clock.o
 .ARM.attributes
                0x0000002e       0x2e ../build/obj/flash.o
 .ARM.attributes
                0x0000005c       0x2e ../build/obj/gpio.o
 .ARM.attributes
                0x0000008a       0x2e ../build/obj/interrupt.o
 .ARM.attributes
                0x000000b8       0x2e ../build/obj/main.o
 .ARM.attributes
                0x000000e6       0x2e ../build/obj/port.o
 .ARM.attributes
                0x00000114       0x2e ../build/obj/startup.o
 .ARM.attributes
                0x00000142       0x2e ../build/obj/wdog.o

.debug_frame    0x00000000      0x57c
 .debug_frame   0x00000000       0x30 ../build/obj/clock.o
 .debug_frame   0x00000030      0x20c ../build/obj/flash.o
 .debug_frame   0x0000023c       0xd8 ../build/obj/gpio.o
 .debug_frame   0x00000314      0x100 ../build/obj/interrupt.o
 .debug_frame   0x00000414       0x54 ../build/obj/main.o
 .debug_frame   0x00000468       0x38 ../build/obj/port.o
 .debug_frame   0x000004a0       0x6c ../build/obj/startup.o
 .debug_frame   0x0000050c       0x70 ../build/obj/wdog.o
