
Discarded input sections

 .group         0x00000000        0xc ../build/obj/startup.o
 .group         0x00000000        0xc ../build/obj/startup.o
 .group         0x00000000        0xc ../build/obj/startup.o
 .group         0x00000000        0xc ../build/obj/startup.o
 .group         0x00000000        0xc ../build/obj/startup.o
 .group         0x00000000        0xc ../build/obj/startup.o
 .group         0x00000000        0xc ../build/obj/startup.o
 .group         0x00000000        0xc ../build/obj/startup.o
 .group         0x00000000        0xc ../build/obj/startup.o
 .group         0x00000000        0xc ../build/obj/main.o
 .group         0x00000000        0xc ../build/obj/main.o
 .group         0x00000000        0xc ../build/obj/main.o
 .group         0x00000000        0xc ../build/obj/main.o
 .group         0x00000000        0xc ../build/obj/main.o
 .group         0x00000000        0xc ../build/obj/main.o
 .group         0x00000000        0xc ../build/obj/main.o
 .group         0x00000000        0xc ../build/obj/main.o
 .group         0x00000000        0xc ../build/obj/main.o
 .debug_macro   0x00000000      0xa5a ../build/obj/main.o
 .debug_macro   0x00000000       0x19 ../build/obj/main.o
 .debug_macro   0x00000000       0x22 ../build/obj/main.o
 .debug_macro   0x00000000       0x8e ../build/obj/main.o
 .debug_macro   0x00000000       0x51 ../build/obj/main.o
 .debug_macro   0x00000000      0x103 ../build/obj/main.o
 .debug_macro   0x00000000       0x6a ../build/obj/main.o
 .debug_macro   0x00000000      0x1df ../build/obj/main.o
 .debug_macro   0x00000000     0xdf8d ../build/obj/main.o
 .group         0x00000000        0xc ../build/obj/port.o
 .group         0x00000000        0xc ../build/obj/port.o
 .group         0x00000000        0xc ../build/obj/port.o
 .group         0x00000000        0xc ../build/obj/port.o
 .group         0x00000000        0xc ../build/obj/port.o
 .group         0x00000000        0xc ../build/obj/port.o
 .group         0x00000000        0xc ../build/obj/port.o
 .group         0x00000000        0xc ../build/obj/port.o
 .group         0x00000000        0xc ../build/obj/port.o
 .debug_macro   0x00000000      0xa5a ../build/obj/port.o
 .debug_macro   0x00000000       0x19 ../build/obj/port.o
 .debug_macro   0x00000000       0x22 ../build/obj/port.o
 .debug_macro   0x00000000       0x8e ../build/obj/port.o
 .debug_macro   0x00000000       0x51 ../build/obj/port.o
 .debug_macro   0x00000000      0x103 ../build/obj/port.o
 .debug_macro   0x00000000       0x6a ../build/obj/port.o
 .debug_macro   0x00000000      0x1df ../build/obj/port.o
 .debug_macro   0x00000000     0xdf8d ../build/obj/port.o
 .group         0x00000000        0xc ../build/obj/gpio.o
 .group         0x00000000        0xc ../build/obj/gpio.o
 .group         0x00000000        0xc ../build/obj/gpio.o
 .group         0x00000000        0xc ../build/obj/gpio.o
 .group         0x00000000        0xc ../build/obj/gpio.o
 .group         0x00000000        0xc ../build/obj/gpio.o
 .group         0x00000000        0xc ../build/obj/gpio.o
 .group         0x00000000        0xc ../build/obj/gpio.o
 .group         0x00000000        0xc ../build/obj/gpio.o
 .debug_macro   0x00000000      0xa5a ../build/obj/gpio.o
 .debug_macro   0x00000000       0x19 ../build/obj/gpio.o
 .debug_macro   0x00000000       0x22 ../build/obj/gpio.o
 .debug_macro   0x00000000       0x8e ../build/obj/gpio.o
 .debug_macro   0x00000000       0x51 ../build/obj/gpio.o
 .debug_macro   0x00000000      0x103 ../build/obj/gpio.o
 .debug_macro   0x00000000       0x6a ../build/obj/gpio.o
 .debug_macro   0x00000000      0x1df ../build/obj/gpio.o
 .debug_macro   0x00000000     0xdf8d ../build/obj/gpio.o
 .group         0x00000000        0xc ../build/obj/interrupt.o
 .group         0x00000000        0xc ../build/obj/interrupt.o
 .group         0x00000000        0xc ../build/obj/interrupt.o
 .group         0x00000000        0xc ../build/obj/interrupt.o
 .group         0x00000000        0xc ../build/obj/interrupt.o
 .group         0x00000000        0xc ../build/obj/interrupt.o
 .group         0x00000000        0xc ../build/obj/interrupt.o
 .group         0x00000000        0xc ../build/obj/interrupt.o
 .group         0x00000000        0xc ../build/obj/interrupt.o
 .debug_macro   0x00000000      0xa5a ../build/obj/interrupt.o
 .debug_macro   0x00000000       0x19 ../build/obj/interrupt.o
 .debug_macro   0x00000000       0x22 ../build/obj/interrupt.o
 .debug_macro   0x00000000       0x8e ../build/obj/interrupt.o
 .debug_macro   0x00000000       0x51 ../build/obj/interrupt.o
 .debug_macro   0x00000000      0x103 ../build/obj/interrupt.o
 .debug_macro   0x00000000       0x6a ../build/obj/interrupt.o
 .debug_macro   0x00000000      0x1df ../build/obj/interrupt.o
 .debug_macro   0x00000000     0xdf8d ../build/obj/interrupt.o
 .group         0x00000000        0xc ../build/obj/clock.o
 .group         0x00000000        0xc ../build/obj/clock.o
 .group         0x00000000        0xc ../build/obj/clock.o
 .group         0x00000000        0xc ../build/obj/clock.o
 .group         0x00000000        0xc ../build/obj/clock.o
 .group         0x00000000        0xc ../build/obj/clock.o
 .group         0x00000000        0xc ../build/obj/clock.o
 .group         0x00000000        0xc ../build/obj/clock.o
 .group         0x00000000        0xc ../build/obj/clock.o
 .debug_macro   0x00000000      0xa5a ../build/obj/clock.o
 .debug_macro   0x00000000       0x19 ../build/obj/clock.o
 .debug_macro   0x00000000       0x22 ../build/obj/clock.o
 .debug_macro   0x00000000       0x8e ../build/obj/clock.o
 .debug_macro   0x00000000       0x51 ../build/obj/clock.o
 .debug_macro   0x00000000      0x103 ../build/obj/clock.o
 .debug_macro   0x00000000       0x6a ../build/obj/clock.o
 .debug_macro   0x00000000      0x1df ../build/obj/clock.o
 .debug_macro   0x00000000     0xdf8d ../build/obj/clock.o

Memory Configuration

Name             Origin             Length             Attributes
FLASH1           0x00000000         0x00000400         xr
FLASH_CONFIG     0x00000400         0x00000010         xr
FLASH2           0x00000410         0x0007fbf0         xr
SRAM1            0x1fff8000         0x00008000         xrw
SRAM2            0x20000000         0x00007000         xrw
*default*        0x00000000         0xffffffff

Linker script and memory map

LOAD ../build/obj/startup.o
LOAD ../build/obj/main.o
LOAD ../build/obj/port.o
LOAD ../build/obj/gpio.o
LOAD ../build/obj/interrupt.o
LOAD ../build/obj/clock.o

.intvec         0x00000000      0x400
                0x00000000                _intvec_start_ = .
 *(.intvec)
 .intvec        0x00000000      0x400 ../build/obj/interrupt.o
                0x00000000                vectorTable
                0x00000400                . = ALIGN (0x4)
                0x00000400                _intvec_end_ = .

.flashConfig    0x00000400        0x0
 *(.flashConfig)
                0x00000400                . = ALIGN (0x4)

.text           0x00000410      0x20c
                0x00000410                _stext = .
 *(.text)
 .text          0x00000410       0x2c ../build/obj/startup.o
                0x00000410                Reset_Handler
                0x00000424                initData
                0x00000430                initbss
 .text          0x0000043c       0xd4 ../build/obj/main.o
                0x0000043c                WDOG_disable
                0x00000468                delay
                0x00000494                main
 .text          0x00000510       0x22 ../build/obj/port.o
                0x00000510                PortPCR
 .text          0x00000532       0xc0 ../build/obj/gpio.o
                0x00000532                ToggleGPIO
                0x0000055a                SetGPIO
                0x00000582                ClearGPIO
                0x000005aa                DataDirectionGPIO
                0x000005d2                DataOutGPIO
 .text          0x000005f2        0x6 ../build/obj/interrupt.o
                0x000005f2                Reserved54_IRQHandler
                0x000005f2                DebugMon_Handler
                0x000005f2                Reserved88_IRQHandler
                0x000005f2                CAN0_ORed_IRQHandler
                0x000005f2                HardFault_Handler
                0x000005f2                Reserved86_IRQHandler
                0x000005f2                Reserved103_IRQHandler
                0x000005f2                SysTick_Handler
                0x000005f2                FTM2_Ovf_Reload_IRQHandler
                0x000005f2                Reserved50_IRQHandler
                0x000005f2                FTFC_Fault_IRQHandler
                0x000005f2                FTM0_Ch6_Ch7_IRQHandler
                0x000005f2                PendSV_Handler
                0x000005f2                Reserved114_IRQHandler
                0x000005f2                NMI_Handler
                0x000005f2                Reserved89_IRQHandler
                0x000005f2                ERM_double_fault_IRQHandler
                0x000005f2                DMA2_IRQHandler
                0x000005f2                Reserved59_IRQHandler
                0x000005f2                LPIT0_Ch0_IRQHandler
                0x000005f2                Reserved99_IRQHandler
                0x000005f2                FTM3_Ch6_Ch7_IRQHandler
                0x000005f2                CAN2_ORed_0_15_MB_IRQHandler
                0x000005f2                LPIT0_Ch3_IRQHandler
                0x000005f2                Reserved92_IRQHandler
                0x000005f2                FTM0_Ch4_Ch5_IRQHandler
                0x000005f2                CAN1_Error_IRQHandler
                0x000005f2                FTM3_Ch0_Ch1_IRQHandler
                0x000005f2                SWI_IRQHandler
                0x000005f2                ADC0_IRQHandler
                0x000005f2                FTM2_Ch4_Ch5_IRQHandler
                0x000005f2                UsageFault_Handler
                0x000005f2                FTM0_Ovf_Reload_IRQHandler
                0x000005f2                DefaultISR
                0x000005f2                DMA9_IRQHandler
                0x000005f2                Reserved58_IRQHandler
                0x000005f2                CAN1_ORed_0_15_MB_IRQHandler
                0x000005f2                FTM1_Ch2_Ch3_IRQHandler
                0x000005f2                DMA14_IRQHandler
                0x000005f2                Reserved82_IRQHandler
                0x000005f2                CAN0_ORed_16_31_MB_IRQHandler
                0x000005f2                LPI2C0_Slave_IRQHandler
                0x000005f2                Reserved71_IRQHandler
                0x000005f2                PORTD_IRQHandler
                0x000005f2                Reserved69_IRQHandler
                0x000005f2                PORTB_IRQHandler
                0x000005f2                Reserved70_IRQHandler
                0x000005f2                ADC1_IRQHandler
                0x000005f2                FTM2_Ch2_Ch3_IRQHandler
                0x000005f2                DefaultHandler
                0x000005f2                Reserved53_IRQHandler
                0x000005f2                DMA5_IRQHandler
                0x000005f2                RTC_IRQHandler
                0x000005f2                PDB0_IRQHandler
                0x000005f2                FTM2_Ch6_Ch7_IRQHandler
                0x000005f2                FTM3_Ch2_Ch3_IRQHandler
                0x000005f2                FTM2_Ch0_Ch1_IRQHandler
                0x000005f2                LPSPI1_IRQHandler
                0x000005f2                LPUART1_RxTx_IRQHandler
                0x000005f2                RTC_Seconds_IRQHandler
                0x000005f2                CAN2_ORed_IRQHandler
                0x000005f2                Reserved72_IRQHandler
                0x000005f2                Reserved110_IRQHandler
                0x000005f2                DMA11_IRQHandler
                0x000005f2                Reserved107_IRQHandler
                0x000005f2                Read_Collision_IRQHandler
                0x000005f2                CAN2_Error_IRQHandler
                0x000005f2                FTFC_IRQHandler
                0x000005f2                DMA7_IRQHandler
                0x000005f2                FTM1_Ch6_Ch7_IRQHandler
                0x000005f2                Reserved105_IRQHandler
                0x000005f2                LPIT0_Ch1_IRQHandler
                0x000005f2                FTM1_Ch4_Ch5_IRQHandler
                0x000005f2                FTM3_Ovf_Reload_IRQHandler
                0x000005f2                LPUART2_RxTx_IRQHandler
                0x000005f2                LPSPI0_IRQHandler
                0x000005f2                WDOG_EWM_IRQHandler
                0x000005f2                MemManage_Handler
                0x000005f2                Reserved90_IRQHandler
                0x000005f2                Reserved83_IRQHandler
                0x000005f2                FTM0_Fault_IRQHandler
                0x000005f2                Reserved48_IRQHandler
                0x000005f2                SVC_Handler
                0x000005f2                ERM_single_fault_IRQHandler
                0x000005f2                FTM2_Fault_IRQHandler
                0x000005f2                FTM0_Ch2_Ch3_IRQHandler
                0x000005f2                DMA13_IRQHandler
                0x000005f2                FTM0_Ch0_Ch1_IRQHandler
                0x000005f2                FTM3_Fault_IRQHandler
                0x000005f2                RCM_IRQHandler
                0x000005f2                DMA3_IRQHandler
                0x000005f2                Reserved100_IRQHandler
                0x000005f2                DMA0_IRQHandler
                0x000005f2                Reserved91_IRQHandler
                0x000005f2                CAN1_ORed_IRQHandler
                0x000005f2                DMA15_IRQHandler
                0x000005f2                SCG_IRQHandler
                0x000005f2                PDB1_IRQHandler
                0x000005f2                Reserved81_IRQHandler
                0x000005f2                Reserved46_IRQHandler
                0x000005f2                Reserved45_IRQHandler
                0x000005f2                CAN0_Error_IRQHandler
                0x000005f2                Reserved112_IRQHandler
                0x000005f2                LPI2C0_Master_IRQHandler
                0x000005f2                DMA4_IRQHandler
                0x000005f2                FTM1_Fault_IRQHandler
                0x000005f2                Reserved106_IRQHandler
                0x000005f2                DMA_Error_IRQHandler
                0x000005f2                LVD_LVW_IRQHandler
                0x000005f2                LPIT0_Ch2_IRQHandler
                0x000005f2                PORTA_IRQHandler
                0x000005f2                MCM_IRQHandler
                0x000005f2                LPSPI2_IRQHandler
                0x000005f2                DMA12_IRQHandler
                0x000005f2                FTM3_Ch4_Ch5_IRQHandler
                0x000005f2                CAN0_ORed_0_15_MB_IRQHandler
                0x000005f2                LPUART0_RxTx_IRQHandler
                0x000005f2                PORTE_IRQHandler
                0x000005f2                LPTMR0_IRQHandler
                0x000005f2                BusFault_Handler
                0x000005f2                Reserved87_IRQHandler
                0x000005f2                FTM1_Ovf_Reload_IRQHandler
                0x000005f2                DMA8_IRQHandler
                0x000005f2                Reserved93_IRQHandler
                0x000005f2                DMA10_IRQHandler
                0x000005f2                CAN0_Wake_Up_IRQHandler
                0x000005f2                CMP0_IRQHandler
                0x000005f2                Reserved52_IRQHandler
                0x000005f2                PORTC_IRQHandler
                0x000005f2                DMA6_IRQHandler
                0x000005f2                FTM1_Ch0_Ch1_IRQHandler
                0x000005f2                FLEXIO_IRQHandler
                0x000005f2                DMA1_IRQHandler
                0x000005f2                Reserved113_IRQHandler
 .text          0x000005f8       0x24 ../build/obj/clock.o
                0x000005f8                initClk
 *(.text*)
 *(.rodata)
 *(.rodata*)
 *(.glue_7)
 .glue_7        0x0000061c        0x0 linker stubs
 *(.glue_7t)
 .glue_7t       0x0000061c        0x0 linker stubs
 *(.eh_frame)
 *(.init)
 *(.fini)
                0x0000061c                . = ALIGN (0x4)
                0x0000061c                _etext = .

.vfp11_veneer   0x0000061c        0x0
 .vfp11_veneer  0x0000061c        0x0 linker stubs

.v4_bx          0x0000061c        0x0
 .v4_bx         0x0000061c        0x0 linker stubs

.iplt           0x0000061c        0x0
 .iplt          0x0000061c        0x0 ../build/obj/startup.o

.rel.dyn        0x0000061c        0x0
 .rel.iplt      0x0000061c        0x0 ../build/obj/startup.o

.data           0x1fff8000        0x0 load address 0x0000061c
                0x1fff8000                _sdata_ram = .
 *(.data)
 .data          0x1fff8000        0x0 ../build/obj/startup.o
 .data          0x1fff8000        0x0 ../build/obj/main.o
 .data          0x1fff8000        0x0 ../build/obj/port.o
 .data          0x1fff8000        0x0 ../build/obj/gpio.o
 .data          0x1fff8000        0x0 ../build/obj/interrupt.o
 .data          0x1fff8000        0x0 ../build/obj/clock.o
                0x1fff8000                . = ALIGN (0x4)
                0x1fff8000                _edata_ram = .

.igot.plt       0x1fff8000        0x0 load address 0x0000061c
 .igot.plt      0x1fff8000        0x0 ../build/obj/startup.o

.bss            0x1fff8000        0x8 load address 0x0000061c
                0x1fff8000                _bss_start_ = .
 *(.bss)
 .bss           0x1fff8000        0x0 ../build/obj/startup.o
 .bss           0x1fff8000        0x8 ../build/obj/main.o
                0x1fff8000                dlyCnt
                0x1fff8004                counter
 .bss           0x1fff8008        0x0 ../build/obj/port.o
 .bss           0x1fff8008        0x0 ../build/obj/gpio.o
 .bss           0x1fff8008        0x0 ../build/obj/interrupt.o
 .bss           0x1fff8008        0x0 ../build/obj/clock.o
 *(.bss*)
 *(.common)
 *(.common*)
                0x1fff8008                . = ALIGN (0x4)
                0x1fff8008                _bss_end_ = .
OUTPUT(../build/bin/S32_App.elf elf32-littlearm)
LOAD linker stubs

.debug_info     0x00000000      0xb3c
 .debug_info    0x00000000       0xa6 ../build/obj/startup.o
 .debug_info    0x000000a6      0x37d ../build/obj/main.o
 .debug_info    0x00000423      0x28b ../build/obj/port.o
 .debug_info    0x000006ae      0x2f7 ../build/obj/gpio.o
 .debug_info    0x000009a5       0xbc ../build/obj/interrupt.o
 .debug_info    0x00000a61       0xdb ../build/obj/clock.o

.debug_abbrev   0x00000000      0x497
 .debug_abbrev  0x00000000       0x5d ../build/obj/startup.o
 .debug_abbrev  0x0000005d      0x12e ../build/obj/main.o
 .debug_abbrev  0x0000018b       0xff ../build/obj/port.o
 .debug_abbrev  0x0000028a       0xf6 ../build/obj/gpio.o
 .debug_abbrev  0x00000380       0x7b ../build/obj/interrupt.o
 .debug_abbrev  0x000003fb       0x9c ../build/obj/clock.o

.debug_aranges  0x00000000       0xc0
 .debug_aranges
                0x00000000       0x20 ../build/obj/startup.o
 .debug_aranges
                0x00000020       0x20 ../build/obj/main.o
 .debug_aranges
                0x00000040       0x20 ../build/obj/port.o
 .debug_aranges
                0x00000060       0x20 ../build/obj/gpio.o
 .debug_aranges
                0x00000080       0x20 ../build/obj/interrupt.o
 .debug_aranges
                0x000000a0       0x20 ../build/obj/clock.o

.debug_macro    0x00000000     0xf14d
 .debug_macro   0x00000000       0x7e ../build/obj/startup.o
 .debug_macro   0x0000007e      0xa5a ../build/obj/startup.o
 .debug_macro   0x00000ad8       0x19 ../build/obj/startup.o
 .debug_macro   0x00000af1       0x22 ../build/obj/startup.o
 .debug_macro   0x00000b13       0x8e ../build/obj/startup.o
 .debug_macro   0x00000ba1       0x51 ../build/obj/startup.o
 .debug_macro   0x00000bf2      0x103 ../build/obj/startup.o
 .debug_macro   0x00000cf5       0x6a ../build/obj/startup.o
 .debug_macro   0x00000d5f      0x1df ../build/obj/startup.o
 .debug_macro   0x00000f3e     0xdf8d ../build/obj/startup.o
 .debug_macro   0x0000eecb       0x96 ../build/obj/main.o
 .debug_macro   0x0000ef61       0x84 ../build/obj/port.o
 .debug_macro   0x0000efe5       0x76 ../build/obj/gpio.o
 .debug_macro   0x0000f05b       0x76 ../build/obj/interrupt.o
 .debug_macro   0x0000f0d1       0x7c ../build/obj/clock.o

.debug_line     0x00000000      0xbc2
 .debug_line    0x00000000      0x1fb ../build/obj/startup.o
 .debug_line    0x000001fb      0x240 ../build/obj/main.o
 .debug_line    0x0000043b      0x1d7 ../build/obj/port.o
 .debug_line    0x00000612      0x206 ../build/obj/gpio.o
 .debug_line    0x00000818      0x1d3 ../build/obj/interrupt.o
 .debug_line    0x000009eb      0x1d7 ../build/obj/clock.o

.debug_str      0x00000000    0x5d8d8
 .debug_str     0x00000000    0x5d667 ../build/obj/startup.o
                              0x5d7c2 (size before relaxing)
 .debug_str     0x0005d667      0x194 ../build/obj/main.o
                              0x5d933 (size before relaxing)
 .debug_str     0x0005d7fb       0x2c ../build/obj/port.o
                              0x5d8de (size before relaxing)
 .debug_str     0x0005d827       0x56 ../build/obj/gpio.o
                              0x5d8e9 (size before relaxing)
 .debug_str     0x0005d87d       0x32 ../build/obj/interrupt.o
                              0x5d7d4 (size before relaxing)
 .debug_str     0x0005d8af       0x29 ../build/obj/clock.o
                              0x5d7d6 (size before relaxing)

.comment        0x00000000       0x49
 .comment       0x00000000       0x49 ../build/obj/startup.o
                                 0x4a (size before relaxing)
 .comment       0x00000049       0x4a ../build/obj/main.o
 .comment       0x00000049       0x4a ../build/obj/port.o
 .comment       0x00000049       0x4a ../build/obj/gpio.o
 .comment       0x00000049       0x4a ../build/obj/interrupt.o
 .comment       0x00000049       0x4a ../build/obj/clock.o

.ARM.attributes
                0x00000000       0x2e
 .ARM.attributes
                0x00000000       0x2e ../build/obj/startup.o
 .ARM.attributes
                0x0000002e       0x2e ../build/obj/main.o
 .ARM.attributes
                0x0000005c       0x2e ../build/obj/port.o
 .ARM.attributes
                0x0000008a       0x2e ../build/obj/gpio.o
 .ARM.attributes
                0x000000b8       0x2e ../build/obj/interrupt.o
 .ARM.attributes
                0x000000e6       0x2e ../build/obj/clock.o

.debug_frame    0x00000000      0x248
 .debug_frame   0x00000000       0x6c ../build/obj/startup.o
 .debug_frame   0x0000006c       0x74 ../build/obj/main.o
 .debug_frame   0x000000e0       0x38 ../build/obj/port.o
 .debug_frame   0x00000118       0xd8 ../build/obj/gpio.o
 .debug_frame   0x000001f0       0x28 ../build/obj/interrupt.o
 .debug_frame   0x00000218       0x30 ../build/obj/clock.o
