
Memory Configuration

Name             Origin             Length             Attributes
m_interrupts     0x00000000         0x00000400         xr
m_flash_config   0x00000400         0x00000010         xr
m_text           0x00000410         0x0007fbf0         xr
m_data           0x1fff8000         0x00008000         rw
m_data_2         0x20000000         0x00007000         rw
*default*        0x00000000         0xffffffff

Linker script and memory map

LOAD ../build/obj/startup.o
LOAD ../build/obj/main.o
LOAD ../build/obj/gpio.o
LOAD ../build/obj/interrupt.o
LOAD ../build/obj/clock.o
                0x00000400                HEAP_SIZE = DEFINED (__heap_size__)?__heap_size__:0x400
                0x00000400                STACK_SIZE = DEFINED (__stack_size__)?__stack_size__:0x400
                0x00000400                M_VECTOR_RAM_SIZE = DEFINED (__flash_vector_table__)?0x0:0x400

.interrupts     0x00000000        0x0
                0x00000000                __VECTOR_TABLE = .
                0x00000000                __interrupts_start__ = .
                0x00000000                . = ALIGN (0x4)
 *(.isr_vector)
                0x00000000                __interrupts_end__ = .
                0x00000000                . = ALIGN (0x4)

.flash_config   0x00000400        0x0
                0x00000400                . = ALIGN (0x4)
 *(.FlashConfig)
                0x00000400                . = ALIGN (0x4)

.text           0x00000410       0x90
                0x00000410                . = ALIGN (0x4)
 *(.text)
 .text          0x00000410       0x44 ../build/obj/startup.o
                0x00000410                Reset_Handler
                0x00000424                initRam
                0x00000448                initbss
 .text          0x00000454       0x44 ../build/obj/main.o
                0x00000454                delay
                0x0000047a                main
 .text          0x00000498        0x0 ../build/obj/gpio.o
 .text          0x00000498        0x6 ../build/obj/interrupt.o
                0x00000498                Reserved54_IRQHandler
                0x00000498                DebugMon_Handler
                0x00000498                Reserved88_IRQHandler
                0x00000498                CAN0_ORed_IRQHandler
                0x00000498                HardFault_Handler
                0x00000498                Reserved86_IRQHandler
                0x00000498                Reserved103_IRQHandler
                0x00000498                SysTick_Handler
                0x00000498                FTM2_Ovf_Reload_IRQHandler
                0x00000498                Reserved50_IRQHandler
                0x00000498                FTFC_Fault_IRQHandler
                0x00000498                FTM0_Ch6_Ch7_IRQHandler
                0x00000498                PendSV_Handler
                0x00000498                Reserved114_IRQHandler
                0x00000498                NMI_Handler
                0x00000498                Reserved89_IRQHandler
                0x00000498                ERM_double_fault_IRQHandler
                0x00000498                DMA2_IRQHandler
                0x00000498                Reserved59_IRQHandler
                0x00000498                LPIT0_Ch0_IRQHandler
                0x00000498                Reserved99_IRQHandler
                0x00000498                FTM3_Ch6_Ch7_IRQHandler
                0x00000498                CAN2_ORed_0_15_MB_IRQHandler
                0x00000498                LPIT0_Ch3_IRQHandler
                0x00000498                Reserved92_IRQHandler
                0x00000498                FTM0_Ch4_Ch5_IRQHandler
                0x00000498                CAN1_Error_IRQHandler
                0x00000498                FTM3_Ch0_Ch1_IRQHandler
                0x00000498                SWI_IRQHandler
                0x00000498                ADC0_IRQHandler
                0x00000498                FTM2_Ch4_Ch5_IRQHandler
                0x00000498                UsageFault_Handler
                0x00000498                FTM0_Ovf_Reload_IRQHandler
                0x00000498                DefaultISR
                0x00000498                DMA9_IRQHandler
                0x00000498                Reserved58_IRQHandler
                0x00000498                CAN1_ORed_0_15_MB_IRQHandler
                0x00000498                FTM1_Ch2_Ch3_IRQHandler
                0x00000498                DMA14_IRQHandler
                0x00000498                Reserved82_IRQHandler
                0x00000498                CAN0_ORed_16_31_MB_IRQHandler
                0x00000498                LPI2C0_Slave_IRQHandler
                0x00000498                Reserved71_IRQHandler
                0x00000498                PORTD_IRQHandler
                0x00000498                Reserved69_IRQHandler
                0x00000498                PORTB_IRQHandler
                0x00000498                Reserved70_IRQHandler
                0x00000498                ADC1_IRQHandler
                0x00000498                FTM2_Ch2_Ch3_IRQHandler
                0x00000498                DefaultHandler
                0x00000498                Reserved53_IRQHandler
                0x00000498                DMA5_IRQHandler
                0x00000498                RTC_IRQHandler
                0x00000498                PDB0_IRQHandler
                0x00000498                FTM2_Ch6_Ch7_IRQHandler
                0x00000498                FTM3_Ch2_Ch3_IRQHandler
                0x00000498                FTM2_Ch0_Ch1_IRQHandler
                0x00000498                LPSPI1_IRQHandler
                0x00000498                LPUART1_RxTx_IRQHandler
                0x00000498                RTC_Seconds_IRQHandler
                0x00000498                CAN2_ORed_IRQHandler
                0x00000498                Reserved72_IRQHandler
                0x00000498                Reserved110_IRQHandler
                0x00000498                DMA11_IRQHandler
                0x00000498                Reserved107_IRQHandler
                0x00000498                Read_Collision_IRQHandler
                0x00000498                CAN2_Error_IRQHandler
                0x00000498                FTFC_IRQHandler
                0x00000498                DMA7_IRQHandler
                0x00000498                FTM1_Ch6_Ch7_IRQHandler
                0x00000498                Reserved105_IRQHandler
                0x00000498                LPIT0_Ch1_IRQHandler
                0x00000498                FTM1_Ch4_Ch5_IRQHandler
                0x00000498                FTM3_Ovf_Reload_IRQHandler
                0x00000498                LPUART2_RxTx_IRQHandler
                0x00000498                LPSPI0_IRQHandler
                0x00000498                WDOG_EWM_IRQHandler
                0x00000498                MemManage_Handler
                0x00000498                Reserved90_IRQHandler
                0x00000498                Reserved83_IRQHandler
                0x00000498                FTM0_Fault_IRQHandler
                0x00000498                Reserved48_IRQHandler
                0x00000498                SVC_Handler
                0x00000498                ERM_single_fault_IRQHandler
                0x00000498                FTM2_Fault_IRQHandler
                0x00000498                FTM0_Ch2_Ch3_IRQHandler
                0x00000498                DMA13_IRQHandler
                0x00000498                FTM0_Ch0_Ch1_IRQHandler
                0x00000498                FTM3_Fault_IRQHandler
                0x00000498                RCM_IRQHandler
                0x00000498                DMA3_IRQHandler
                0x00000498                Reserved100_IRQHandler
                0x00000498                DMA0_IRQHandler
                0x00000498                Reserved91_IRQHandler
                0x00000498                CAN1_ORed_IRQHandler
                0x00000498                DMA15_IRQHandler
                0x00000498                SCG_IRQHandler
                0x00000498                PDB1_IRQHandler
                0x00000498                Reserved81_IRQHandler
                0x00000498                Reserved46_IRQHandler
                0x00000498                Reserved45_IRQHandler
                0x00000498                CAN0_Error_IRQHandler
                0x00000498                Reserved112_IRQHandler
                0x00000498                LPI2C0_Master_IRQHandler
                0x00000498                DMA4_IRQHandler
                0x00000498                FTM1_Fault_IRQHandler
                0x00000498                Reserved106_IRQHandler
                0x00000498                DMA_Error_IRQHandler
                0x00000498                LVD_LVW_IRQHandler
                0x00000498                LPIT0_Ch2_IRQHandler
                0x00000498                PORTA_IRQHandler
                0x00000498                MCM_IRQHandler
                0x00000498                LPSPI2_IRQHandler
                0x00000498                DMA12_IRQHandler
                0x00000498                FTM3_Ch4_Ch5_IRQHandler
                0x00000498                CAN0_ORed_0_15_MB_IRQHandler
                0x00000498                LPUART0_RxTx_IRQHandler
                0x00000498                PORTE_IRQHandler
                0x00000498                LPTMR0_IRQHandler
                0x00000498                BusFault_Handler
                0x00000498                Reserved87_IRQHandler
                0x00000498                FTM1_Ovf_Reload_IRQHandler
                0x00000498                DMA8_IRQHandler
                0x00000498                Reserved93_IRQHandler
                0x00000498                DMA10_IRQHandler
                0x00000498                CAN0_Wake_Up_IRQHandler
                0x00000498                CMP0_IRQHandler
                0x00000498                Reserved52_IRQHandler
                0x00000498                PORTC_IRQHandler
                0x00000498                DMA6_IRQHandler
                0x00000498                FTM1_Ch0_Ch1_IRQHandler
                0x00000498                FLEXIO_IRQHandler
                0x00000498                DMA1_IRQHandler
                0x00000498                Reserved113_IRQHandler
 .text          0x0000049e        0x0 ../build/obj/clock.o
 *(.text*)
 *(.rodata)
 *(.rodata*)
 *(.glue_7)
 .glue_7        0x0000049e        0x0 linker stubs
 *(.glue_7t)
 .glue_7t       0x0000049e        0x0 linker stubs
 *(.eh_frame)
 *(.init)
 *(.fini)
                0x000004a0                . = ALIGN (0x4)
 *fill*         0x0000049e        0x2 

.vfp11_veneer   0x000004a0        0x0
 .vfp11_veneer  0x000004a0        0x0 linker stubs

.v4_bx          0x000004a0        0x0
 .v4_bx         0x000004a0        0x0 linker stubs

.iplt           0x000004a0        0x0
 .iplt          0x000004a0        0x0 ../build/obj/startup.o

.rel.dyn        0x000004a0        0x0
 .rel.iplt      0x000004a0        0x0 ../build/obj/startup.o

.ARM.extab
 *(.ARM.extab* .gnu.linkonce.armextab.*)

.ARM            0x000004a0        0x0
                0x000004a0                __exidx_start = .
 *(.ARM.exidx*)
                0x000004a0                __exidx_end = .

.ctors          0x000004a0        0x0
                0x000004a0                __CTOR_LIST__ = .
 *crtbegin.o(.ctors)
 *crtbegin?.o(.ctors)
 *(EXCLUDE_FILE(*crtend.o *crtend?.o) .ctors)
 *(SORT_BY_NAME(.ctors.*))
 *(.ctors)
                0x000004a0                __CTOR_END__ = .

.dtors          0x000004a0        0x0
                0x000004a0                __DTOR_LIST__ = .
 *crtbegin.o(.dtors)
 *crtbegin?.o(.dtors)
 *(EXCLUDE_FILE(*crtend.o *crtend?.o) .dtors)
 *(SORT_BY_NAME(.dtors.*))
 *(.dtors)
                0x000004a0                __DTOR_END__ = .

.preinit_array  0x000004a0        0x0
                [!provide]                PROVIDE (__preinit_array_start = .)
 *(.preinit_array*)
                [!provide]                PROVIDE (__preinit_array_end = .)

.init_array     0x000004a0        0x0
                [!provide]                PROVIDE (__init_array_start = .)
 *(SORT_BY_NAME(.init_array.*))
 *(.init_array*)
                [!provide]                PROVIDE (__init_array_end = .)

.fini_array     0x000004a0        0x0
                [!provide]                PROVIDE (__fini_array_start = .)
 *(SORT_BY_NAME(.fini_array.*))
 *(.fini_array*)
                [!provide]                PROVIDE (__fini_array_end = .)
                0x000004a0                __etext = .
                0x000004a0                __DATA_ROM = .

.interrupts_ram
                0x1fff8000      0x400
                0x1fff8000                . = ALIGN (0x4)
                0x1fff8000                __VECTOR_RAM__ = .
                0x1fff8000                __RAM_START = .
                0x1fff8000                __interrupts_ram_start__ = .
 *(.m_interrupts_ram)
                0x1fff8400                . = (. + M_VECTOR_RAM_SIZE)
 *fill*         0x1fff8000      0x400 
                0x1fff8400                . = ALIGN (0x4)
                0x1fff8400                __interrupts_ram_end__ = .
                0x1fff8000                __VECTOR_RAM = DEFINED (__flash_vector_table__)?ORIGIN (m_interrupts):__VECTOR_RAM__
                0x00000400                __RAM_VECTOR_TABLE_SIZE = DEFINED (__flash_vector_table__)?0x0:(__interrupts_ram_end__ - __interrupts_ram_start__)

.data           0x1fff8400        0x4 load address 0x000004a0
                0x1fff8400                . = ALIGN (0x4)
                0x1fff8400                __DATA_RAM = .
                0x1fff8400                __data_start__ = .
 *(.data)
 .data          0x1fff8400        0x0 ../build/obj/startup.o
 .data          0x1fff8400        0x4 ../build/obj/main.o
                0x1fff8400                a
 .data          0x1fff8404        0x0 ../build/obj/gpio.o
 .data          0x1fff8404        0x0 ../build/obj/interrupt.o
 .data          0x1fff8404        0x0 ../build/obj/clock.o
 *(.data*)
 *(.jcr*)
                0x1fff8404                . = ALIGN (0x4)
                0x1fff8404                __data_end__ = .
                0x000004a4                __DATA_END = (__DATA_ROM + (__data_end__ - __data_start__))
                0x000004a4                __CODE_ROM = __DATA_END

.igot.plt       0x1fff8404        0x0 load address 0x000004a4
 .igot.plt      0x1fff8404        0x0 ../build/obj/startup.o

.intvec         0x1fff8404      0x400 load address 0x000004a4
 .intvec        0x1fff8404      0x400 ../build/obj/interrupt.o
                0x1fff8404                vectorTable

.code           0x1fff8804        0x0 load address 0x000004a4
                0x1fff8804                . = ALIGN (0x4)
                0x1fff8804                __CODE_RAM = .
                0x1fff8804                __code_start__ = .
                0x1fff8804                __code_ram_start__ = .
 *(.code_ram)
                0x1fff8804                . = ALIGN (0x4)
                0x1fff8804                __code_end__ = .
                0x1fff8804                __code_ram_end__ = .
                0x000004a4                __CODE_END = (__CODE_ROM + (__code_end__ - __code_start__))
                0x000004a4                __CUSTOM_ROM = __CODE_END

.customSectionBlock
                0x20000000        0x0 load address 0x000004a4
                0x20000000                __customSection_start__ = .
 *(.customSection)
                0x20000000                __customSection_end__ = .
                0x000004a4                __CUSTOM_END = (__CUSTOM_ROM + (__customSection_end__ - __customSection_start__))

.bss            0x20000000        0x0
                0x20000000                . = ALIGN (0x4)
                0x20000000                __BSS_START = .
                0x20000000                __bss_start__ = .
 *(.bss)
 .bss           0x20000000        0x0 ../build/obj/startup.o
 .bss           0x20000000        0x0 ../build/obj/main.o
 .bss           0x20000000        0x0 ../build/obj/gpio.o
 .bss           0x20000000        0x0 ../build/obj/interrupt.o
 .bss           0x20000000        0x0 ../build/obj/clock.o
 *(.bss*)
 *(COMMON)
                0x20000000                . = ALIGN (0x4)
                0x20000000                __bss_end__ = .
                0x20000000                __BSS_END = .

.heap           0x20000000      0x400
                0x20000000                . = ALIGN (0x8)
                0x20000000                __end__ = .
                0x20000000                __heap_start__ = .
                [!provide]                PROVIDE (end = .)
                [!provide]                PROVIDE (_end = .)
                [!provide]                PROVIDE (__end = .)
                0x20000000                __HeapBase = .
                0x20000400                . = (. + HEAP_SIZE)
 *fill*         0x20000000      0x400 
                0x20000400                __HeapLimit = .
                0x20000400                __heap_limit = .
                0x20000400                __heap_end__ = .
                0x20007000                __StackTop = (ORIGIN (m_data_2) + LENGTH (m_data_2))
                0x20006c00                __StackLimit = (__StackTop - STACK_SIZE)
                [!provide]                PROVIDE (__stack = __StackTop)
                0x20007000                __RAM_END = __StackTop

.stack          0x20006c00      0x400
                0x20006c00                . = ALIGN (0x8)
                0x20006c00                __stack_start__ = .
                0x20007000                . = (. + STACK_SIZE)
 *fill*         0x20006c00      0x400 
                0x20007000                __stack_end__ = .
                0x20000000                __START_BSS = __BSS_START
                0x20000000                __END_BSS = __BSS_END
                0x20007000                __SP_INIT = __StackTop

.ARM.attributes
                0x00000000       0x2e
 *(.ARM.attributes)
 .ARM.attributes
                0x00000000       0x2e ../build/obj/startup.o
 .ARM.attributes
                0x0000002e       0x2e ../build/obj/main.o
 .ARM.attributes
                0x0000005c       0x2e ../build/obj/gpio.o
 .ARM.attributes
                0x0000008a       0x2e ../build/obj/interrupt.o
 .ARM.attributes
                0x000000b8       0x2e ../build/obj/clock.o
                0x00000001                ASSERT ((__StackLimit >= __HeapLimit), region m_data_2 overflowed with stack and heap)
OUTPUT(../build/bin/S32_App.elf elf32-littlearm)
LOAD linker stubs

.comment        0x00000000       0x49
 .comment       0x00000000       0x49 ../build/obj/startup.o
                                 0x4a (size before relaxing)
 .comment       0x00000049       0x4a ../build/obj/main.o
 .comment       0x00000049       0x4a ../build/obj/gpio.o
 .comment       0x00000049       0x4a ../build/obj/interrupt.o
 .comment       0x00000049       0x4a ../build/obj/clock.o
